Archive member included to satisfy reference by file (symbol)

.pio/build/weact_mini_h750vbtx/lib45c/libSDRAM.a(sdram.o)
                              .pio/build/weact_mini_h750vbtx/src/Core/Src/fmc.o (SDRAM_Init)
.pio/build/weact_mini_h750vbtx/libe66/libNORFLASH.a(norflash.o)
                              .pio/build/weact_mini_h750vbtx/src/Core/Src/quadspi.o (NORFLASH_Init)
/home/light/.platformio/packages/toolchain-gccarmnoneeabi/bin/../lib/gcc/arm-none-eabi/7.2.1/../../../../arm-none-eabi/lib/thumb/v7e-m/libc_nano.a(lib_a-errno.o)
                              .pio/build/weact_mini_h750vbtx/src/Core/Src/syscalls.o (__errno)
/home/light/.platformio/packages/toolchain-gccarmnoneeabi/bin/../lib/gcc/arm-none-eabi/7.2.1/../../../../arm-none-eabi/lib/thumb/v7e-m/libc_nano.a(lib_a-exit.o)
                              /home/light/.platformio/packages/toolchain-gccarmnoneeabi/bin/../lib/gcc/arm-none-eabi/7.2.1/../../../../arm-none-eabi/lib/thumb/v7e-m/crt0.o (exit)
/home/light/.platformio/packages/toolchain-gccarmnoneeabi/bin/../lib/gcc/arm-none-eabi/7.2.1/../../../../arm-none-eabi/lib/thumb/v7e-m/libc_nano.a(lib_a-fread.o)
                              .pio/build/weact_mini_h750vbtx/src/Middlewares/Third_Party/LibJPEG/source/jdatasrc.o (fread)
/home/light/.platformio/packages/toolchain-gccarmnoneeabi/bin/../lib/gcc/arm-none-eabi/7.2.1/../../../../arm-none-eabi/lib/thumb/v7e-m/libc_nano.a(lib_a-fwrite.o)
                              .pio/build/weact_mini_h750vbtx/src/Middlewares/Third_Party/LibJPEG/source/jdatadst.o (fwrite)
/home/light/.platformio/packages/toolchain-gccarmnoneeabi/bin/../lib/gcc/arm-none-eabi/7.2.1/../../../../arm-none-eabi/lib/thumb/v7e-m/libc_nano.a(lib_a-impure.o)
                              /home/light/.platformio/packages/toolchain-gccarmnoneeabi/bin/../lib/gcc/arm-none-eabi/7.2.1/../../../../arm-none-eabi/lib/thumb/v7e-m/libc_nano.a(lib_a-exit.o) (_global_impure_ptr)
/home/light/.platformio/packages/toolchain-gccarmnoneeabi/bin/../lib/gcc/arm-none-eabi/7.2.1/../../../../arm-none-eabi/lib/thumb/v7e-m/libc_nano.a(lib_a-init.o)
                              /home/light/.platformio/packages/toolchain-gccarmnoneeabi/bin/../lib/gcc/arm-none-eabi/7.2.1/../../../../arm-none-eabi/lib/thumb/v7e-m/crt0.o (__libc_init_array)
/home/light/.platformio/packages/toolchain-gccarmnoneeabi/bin/../lib/gcc/arm-none-eabi/7.2.1/../../../../arm-none-eabi/lib/thumb/v7e-m/libc_nano.a(lib_a-malloc.o)
                              .pio/build/weact_mini_h750vbtx/src/Middlewares/Third_Party/LibJPEG/source/jdatadst.o (malloc)
/home/light/.platformio/packages/toolchain-gccarmnoneeabi/bin/../lib/gcc/arm-none-eabi/7.2.1/../../../../arm-none-eabi/lib/thumb/v7e-m/libc_nano.a(lib_a-memcpy-stub.o)
                              .pio/build/weact_mini_h750vbtx/src/Middlewares/Third_Party/LibJPEG/source/jcparam.o (memcpy)
/home/light/.platformio/packages/toolchain-gccarmnoneeabi/bin/../lib/gcc/arm-none-eabi/7.2.1/../../../../arm-none-eabi/lib/thumb/v7e-m/libc_nano.a(lib_a-memset.o)
                              /home/light/.platformio/packages/toolchain-gccarmnoneeabi/bin/../lib/gcc/arm-none-eabi/7.2.1/../../../../arm-none-eabi/lib/thumb/v7e-m/crt0.o (memset)
/home/light/.platformio/packages/toolchain-gccarmnoneeabi/bin/../lib/gcc/arm-none-eabi/7.2.1/../../../../arm-none-eabi/lib/thumb/v7e-m/libc_nano.a(lib_a-nano-freer.o)
                              /home/light/.platformio/packages/toolchain-gccarmnoneeabi/bin/../lib/gcc/arm-none-eabi/7.2.1/../../../../arm-none-eabi/lib/thumb/v7e-m/libc_nano.a(lib_a-malloc.o) (_free_r)
/home/light/.platformio/packages/toolchain-gccarmnoneeabi/bin/../lib/gcc/arm-none-eabi/7.2.1/../../../../arm-none-eabi/lib/thumb/v7e-m/libc_nano.a(lib_a-nano-mallocr.o)
                              /home/light/.platformio/packages/toolchain-gccarmnoneeabi/bin/../lib/gcc/arm-none-eabi/7.2.1/../../../../arm-none-eabi/lib/thumb/v7e-m/libc_nano.a(lib_a-malloc.o) (_malloc_r)
/home/light/.platformio/packages/toolchain-gccarmnoneeabi/bin/../lib/gcc/arm-none-eabi/7.2.1/../../../../arm-none-eabi/lib/thumb/v7e-m/libc_nano.a(lib_a-nano-vfprintf_float.o)
                              (_printf_float)
/home/light/.platformio/packages/toolchain-gccarmnoneeabi/bin/../lib/gcc/arm-none-eabi/7.2.1/../../../../arm-none-eabi/lib/thumb/v7e-m/libc_nano.a(lib_a-nano-vfprintf_i.o)
                              /home/light/.platformio/packages/toolchain-gccarmnoneeabi/bin/../lib/gcc/arm-none-eabi/7.2.1/../../../../arm-none-eabi/lib/thumb/v7e-m/libc_nano.a(lib_a-nano-vfprintf_float.o) (_printf_common)
/home/light/.platformio/packages/toolchain-gccarmnoneeabi/bin/../lib/gcc/arm-none-eabi/7.2.1/../../../../arm-none-eabi/lib/thumb/v7e-m/libc_nano.a(lib_a-printf.o)
                              .pio/build/weact_mini_h750vbtx/src/Core/Src/main.o (printf)
/home/light/.platformio/packages/toolchain-gccarmnoneeabi/bin/../lib/gcc/arm-none-eabi/7.2.1/../../../../arm-none-eabi/lib/thumb/v7e-m/libc_nano.a(lib_a-puts.o)
[...]
Memory Configuration

Name             Origin             Length             Attributes
DTCMRAM          0x0000000020000000 0x0000000000020000 xrw
RAM_D1           0x0000000024000000 0x0000000000080000 xrw
RAM_D2           0x0000000030000000 0x0000000000048000 xrw
RAM_D3           0x0000000038000000 0x0000000000010000 xrw
ITCMRAM          0x0000000000000000 0x0000000000010000 xrw
FLASH            0x0000000008000000 0x0000000000020000 xr
SDRAM            0x00000000c0000000 0x0000000004000000 xrw
NORFLASH         0x0000000090000000 0x0000000000800000 xrw
*default*        0x0000000000000000 0xffffffffffffffff

Linker script and memory map

LOAD /home/light/.platformio/packages/toolchain-gccarmnoneeabi/bin/../lib/gcc/arm-none-eabi/7.2.1/thumb/v7e-m/crti.o
LOAD /home/light/.platformio/packages/toolchain-gccarmnoneeabi/bin/../lib/gcc/arm-none-eabi/7.2.1/thumb/v7e-m/crtbegin.o
LOAD /home/light/.platformio/packages/toolchain-gccarmnoneeabi/bin/../lib/gcc/arm-none-eabi/7.2.1/../../../../arm-none-eabi/lib/thumb/v7e-m/crt0.o
LOAD .pio/build/weact_mini_h750vbtx/src/Core/Src/dma2d.o
LOAD .pio/build/weact_mini_h750vbtx/src/Core/Src/fmc.o
LOAD .pio/build/weact_mini_h750vbtx/src/Core/Src/gpio.o
LOAD .pio/build/weact_mini_h750vbtx/src/Core/Src/jpeg.o
LOAD .pio/build/weact_mini_h750vbtx/src/Core/Src/ltdc.o
LOAD .pio/build/weact_mini_h750vbtx/src/Core/Src/main.o
LOAD .pio/build/weact_mini_h750vbtx/src/Core/Src/quadspi.o
LOAD .pio/build/weact_mini_h750vbtx/src/Core/Src/rtc.o
LOAD .pio/build/weact_mini_h750vbtx/src/Core/Src/spi.o
LOAD .pio/build/weact_mini_h750vbtx/src/Core/Src/stm32h7xx_hal_msp.o
LOAD .pio/build/weact_mini_h750vbtx/src/Core/Src/stm32h7xx_it.o
LOAD .pio/build/weact_mini_h750vbtx/src/Core/Src/syscalls.o
LOAD .pio/build/weact_mini_h750vbtx/src/Core/Src/system_stm32h7xx.o
LOAD .pio/build/weact_mini_h750vbtx/src/Core/Src/tim.o
LOAD .pio/build/weact_mini_h750vbtx/src/Core/Src/usart.o
LOAD .pio/build/weact_mini_h750vbtx/src/Drivers/STM32H7xx_HAL_Driver/Src/stm32h7xx_hal.o
LOAD .pio/build/weact_mini_h750vbtx/src/Drivers/STM32H7xx_HAL_Driver/Src/stm32h7xx_hal_cortex.o
LOAD .pio/build/weact_mini_h750vbtx/src/Drivers/STM32H7xx_HAL_Driver/Src/stm32h7xx_hal_dma.o
LOAD .pio/build/weact_mini_h750vbtx/src/Drivers/STM32H7xx_HAL_Driver/Src/stm32h7xx_hal_dma2d.o
LOAD .pio/build/weact_mini_h750vbtx/src/Drivers/STM32H7xx_HAL_Driver/Src/stm32h7xx_hal_dma_ex.o
LOAD .pio/build/weact_mini_h750vbtx/src/Drivers/STM32H7xx_HAL_Driver/Src/stm32h7xx_hal_exti.o
LOAD .pio/build/weact_mini_h750vbtx/src/Drivers/STM32H7xx_HAL_Driver/Src/stm32h7xx_hal_flash.o
LOAD .pio/build/weact_mini_h750vbtx/src/Drivers/STM32H7xx_HAL_Driver/Src/stm32h7xx_hal_flash_ex.o
LOAD .pio/build/weact_mini_h750vbtx/src/Drivers/STM32H7xx_HAL_Driver/Src/stm32h7xx_hal_gpio.o
LOAD .pio/build/weact_mini_h750vbtx/src/Drivers/STM32H7xx_HAL_Driver/Src/stm32h7xx_hal_hsem.o
LOAD .pio/build/weact_mini_h750vbtx/src/Drivers/STM32H7xx_HAL_Driver/Src/stm32h7xx_hal_i2c.o
LOAD .pio/build/weact_mini_h750vbtx/src/Drivers/STM32H7xx_HAL_Driver/Src/stm32h7xx_hal_i2c_ex.o
LOAD .pio/build/weact_mini_h750vbtx/src/Drivers/STM32H7xx_HAL_Driver/Src/stm32h7xx_hal_jpeg.o
LOAD .pio/build/weact_mini_h750vbtx/src/Drivers/STM32H7xx_HAL_Driver/Src/stm32h7xx_hal_ltdc.o
LOAD .pio/build/weact_mini_h750vbtx/src/Drivers/STM32H7xx_HAL_Driver/Src/stm32h7xx_hal_ltdc_ex.o
LOAD .pio/build/weact_mini_h750vbtx/src/Drivers/STM32H7xx_HAL_Driver/Src/stm32h7xx_hal_mdma.o
LOAD .pio/build/weact_mini_h750vbtx/src/Drivers/STM32H7xx_HAL_Driver/Src/stm32h7xx_hal_nand.o
LOAD .pio/build/weact_mini_h750vbtx/src/Drivers/STM32H7xx_HAL_Driver/Src/stm32h7xx_hal_pwr.o
LOAD .pio/build/weact_mini_h750vbtx/src/Drivers/STM32H7xx_HAL_Driver/Src/stm32h7xx_hal_pwr_ex.o
LOAD .pio/build/weact_mini_h750vbtx/src/Drivers/STM32H7xx_HAL_Driver/Src/stm32h7xx_hal_qspi.o
LOAD .pio/build/weact_mini_h750vbtx/src/Drivers/STM32H7xx_HAL_Driver/Src/stm32h7xx_hal_rcc.o
LOAD .pio/build/weact_mini_h750vbtx/src/Drivers/STM32H7xx_HAL_Driver/Src/stm32h7xx_hal_rcc_ex.o
LOAD .pio/build/weact_mini_h750vbtx/src/Drivers/STM32H7xx_HAL_Driver/Src/stm32h7xx_hal_rtc.o
LOAD .pio/build/weact_mini_h750vbtx/src/Drivers/STM32H7xx_HAL_Driver/Src/stm32h7xx_hal_rtc_ex.o
LOAD .pio/build/weact_mini_h750vbtx/src/Drivers/STM32H7xx_HAL_Driver/Src/stm32h7xx_hal_sdram.o
LOAD .pio/build/weact_mini_h750vbtx/src/Drivers/STM32H7xx_HAL_Driver/Src/stm32h7xx_hal_spi.o
LOAD .pio/build/weact_mini_h750vbtx/src/Drivers/STM32H7xx_HAL_Driver/Src/stm32h7xx_hal_spi_ex.o
LOAD .pio/build/weact_mini_h750vbtx/src/Drivers/STM32H7xx_HAL_Driver/Src/stm32h7xx_hal_tim.o
LOAD .pio/build/weact_mini_h750vbtx/src/Drivers/STM32H7xx_HAL_Driver/Src/stm32h7xx_hal_tim_ex.o
LOAD .pio/build/weact_mini_h750vbtx/src/Drivers/STM32H7xx_HAL_Driver/Src/stm32h7xx_hal_uart.o
LOAD .pio/build/weact_mini_h750vbtx/src/Drivers/STM32H7xx_HAL_Driver/Src/stm32h7xx_hal_uart_ex.o
LOAD .pio/build/weact_mini_h750vbtx/src/Drivers/STM32H7xx_HAL_Driver/Src/stm32h7xx_ll_fmc.o
LOAD .pio/build/weact_mini_h750vbtx/src/LIBJPEG/App/libjpeg.o
LOAD .pio/build/weact_mini_h750vbtx/src/Middlewares/Third_Party/LibJPEG/source/jaricom.o
LOAD .pio/build/weact_mini_h750vbtx/src/Middlewares/Third_Party/LibJPEG/source/jcapimin.o
LOAD .pio/build/weact_mini_h750vbtx/src/Middlewares/Third_Party/LibJPEG/source/jcapistd.o
LOAD .pio/build/weact_mini_h750vbtx/src/Middlewares/Third_Party/LibJPEG/source/jcarith.o
LOAD .pio/build/weact_mini_h750vbtx/src/Middlewares/Third_Party/LibJPEG/source/jccoefct.o
LOAD .pio/build/weact_mini_h750vbtx/src/Middlewares/Third_Party/LibJPEG/source/jccolor.o
LOAD .pio/build/weact_mini_h750vbtx/src/Middlewares/Third_Party/LibJPEG/source/jcdctmgr.o
LOAD .pio/build/weact_mini_h750vbtx/src/Middlewares/Third_Party/LibJPEG/source/jchuff.o
LOAD .pio/build/weact_mini_h750vbtx/src/Middlewares/Third_Party/LibJPEG/source/jcinit.o
LOAD .pio/build/weact_mini_h750vbtx/src/Middlewares/Third_Party/LibJPEG/source/jcmainct.o
LOAD .pio/build/weact_mini_h750vbtx/src/Middlewares/Third_Party/LibJPEG/source/jcmarker.o
LOAD .pio/build/weact_mini_h750vbtx/src/Middlewares/Third_Party/LibJPEG/source/jcmaster.o
LOAD .pio/build/weact_mini_h750vbtx/src/Middlewares/Third_Party/LibJPEG/source/jcomapi.o
LOAD .pio/build/weact_mini_h750vbtx/src/Middlewares/Third_Party/LibJPEG/source/jcparam.o
LOAD .pio/build/weact_mini_h750vbtx/src/Middlewares/Third_Party/LibJPEG/source/jcprepct.o
LOAD .pio/build/weact_mini_h750vbtx/src/Middlewares/Third_Party/LibJPEG/source/jcsample.o
LOAD .pio/build/weact_mini_h750vbtx/src/Middlewares/Third_Party/LibJPEG/source/jctrans.o
LOAD .pio/build/weact_mini_h750vbtx/src/Middlewares/Third_Party/LibJPEG/source/jdapimin.o
LOAD .pio/build/weact_mini_h750vbtx/src/Middlewares/Third_Party/LibJPEG/source/jdapistd.o
LOAD .pio/build/weact_mini_h750vbtx/src/Middlewares/Third_Party/LibJPEG/source/jdarith.o
LOAD .pio/build/weact_mini_h750vbtx/src/Middlewares/Third_Party/LibJPEG/source/jdatadst.o
LOAD .pio/build/weact_mini_h750vbtx/src/Middlewares/Third_Party/LibJPEG/source/jdatasrc.o
LOAD .pio/build/weact_mini_h750vbtx/src/Middlewares/Third_Party/LibJPEG/source/jdcoefct.o
LOAD .pio/build/weact_mini_h750vbtx/src/Middlewares/Third_Party/LibJPEG/source/jdcolor.o
LOAD .pio/build/weact_mini_h750vbtx/src/Middlewares/Third_Party/LibJPEG/source/jddctmgr.o
LOAD .pio/build/weact_mini_h750vbtx/src/Middlewares/Third_Party/LibJPEG/source/jdhuff.o
LOAD .pio/build/weact_mini_h750vbtx/src/Middlewares/Third_Party/LibJPEG/source/jdinput.o
LOAD .pio/build/weact_mini_h750vbtx/src/Middlewares/Third_Party/LibJPEG/source/jdmainct.o
LOAD .pio/build/weact_mini_h750vbtx/src/Middlewares/Third_Party/LibJPEG/source/jdmarker.o
LOAD .pio/build/weact_mini_h750vbtx/src/Middlewares/Third_Party/LibJPEG/source/jdmaster.o
LOAD .pio/build/weact_mini_h750vbtx/src/Middlewares/Third_Party/LibJPEG/source/jdmerge.o
LOAD .pio/build/weact_mini_h750vbtx/src/Middlewares/Third_Party/LibJPEG/source/jdpostct.o
LOAD .pio/build/weact_mini_h750vbtx/src/Middlewares/Third_Party/LibJPEG/source/jdsample.o
LOAD .pio/build/weact_mini_h750vbtx/src/Middlewares/Third_Party/LibJPEG/source/jdtrans.o
LOAD .pio/build/weact_mini_h750vbtx/src/Middlewares/Third_Party/LibJPEG/source/jerror.o
LOAD .pio/build/weact_mini_h750vbtx/src/Middlewares/Third_Party/LibJPEG/source/jfdctflt.o
LOAD .pio/build/weact_mini_h750vbtx/src/Middlewares/Third_Party/LibJPEG/source/jfdctfst.o
LOAD .pio/build/weact_mini_h750vbtx/src/Middlewares/Third_Party/LibJPEG/source/jfdctint.o
LOAD .pio/build/weact_mini_h750vbtx/src/Middlewares/Third_Party/LibJPEG/source/jidctflt.o
LOAD .pio/build/weact_mini_h750vbtx/src/Middlewares/Third_Party/LibJPEG/source/jidctfst.o
LOAD .pio/build/weact_mini_h750vbtx/src/Middlewares/Third_Party/LibJPEG/source/jidctint.o
LOAD .pio/build/weact_mini_h750vbtx/src/Middlewares/Third_Party/LibJPEG/source/jmemmgr.o
LOAD .pio/build/weact_mini_h750vbtx/src/Middlewares/Third_Party/LibJPEG/source/jmemnobs.o
LOAD .pio/build/weact_mini_h750vbtx/src/Middlewares/Third_Party/LibJPEG/source/jquant1.o
LOAD .pio/build/weact_mini_h750vbtx/src/Middlewares/Third_Party/LibJPEG/source/jquant2.o
LOAD .pio/build/weact_mini_h750vbtx/src/Middlewares/Third_Party/LibJPEG/source/jutils.o
LOAD .pio/build/weact_mini_h750vbtx/src/startup_stm32h750xx.o
START GROUP
LOAD .pio/build/weact_mini_h750vbtx/lib4de/libsys.a
LOAD .pio/build/weact_mini_h750vbtx/lib45c/libSDRAM.a
LOAD .pio/build/weact_mini_h750vbtx/libe66/libNORFLASH.a
LOAD /home/light/.platformio/packages/toolchain-gccarmnoneeabi/bin/../lib/gcc/arm-none-eabi/7.2.1/../../../../arm-none-eabi/lib/thumb/v7e-m/libc_nano.a
LOAD /home/light/.platformio/packages/toolchain-gccarmnoneeabi/bin/../lib/gcc/arm-none-eabi/7.2.1/thumb/v7e-m/libgcc.a
LOAD /home/light/.platformio/packages/toolchain-gccarmnoneeabi/bin/../lib/gcc/arm-none-eabi/7.2.1/../../../../arm-none-eabi/lib/thumb/v7e-m/libm.a
LOAD /home/light/.platformio/packages/toolchain-gccarmnoneeabi/bin/../lib/gcc/arm-none-eabi/7.2.1/../../../../arm-none-eabi/lib/thumb/v7e-m/libstdc++_nano.a
END GROUP
START GROUP
LOAD /home/light/.platformio/packages/toolchain-gccarmnoneeabi/bin/../lib/gcc/arm-none-eabi/7.2.1/thumb/v7e-m/libgcc.a
LOAD /home/light/.platformio/packages/toolchain-gccarmnoneeabi/bin/../lib/gcc/arm-none-eabi/7.2.1/../../../../arm-none-eabi/lib/thumb/v7e-m/libg_nano.a
LOAD /home/light/.platformio/packages/toolchain-gccarmnoneeabi/bin/../lib/gcc/arm-none-eabi/7.2.1/../../../../arm-none-eabi/lib/thumb/v7e-m/libc_nano.a
END GROUP
START GROUP
LOAD /home/light/.platformio/packages/toolchain-gccarmnoneeabi/bin/../lib/gcc/arm-none-eabi/7.2.1/thumb/v7e-m/libgcc.a
LOAD /home/light/.platformio/packages/toolchain-gccarmnoneeabi/bin/../lib/gcc/arm-none-eabi/7.2.1/../../../../arm-none-eabi/lib/thumb/v7e-m/libc_nano.a
LOAD /home/light/.platformio/packages/toolchain-gccarmnoneeabi/bin/../lib/gcc/arm-none-eabi/7.2.1/../../../../arm-none-eabi/lib/thumb/v7e-m/libnosys.a
END GROUP
START GROUP
LOAD /home/light/.platformio/packages/toolchain-gccarmnoneeabi/bin/../lib/gcc/arm-none-eabi/7.2.1/thumb/v7e-m/libgcc.a
LOAD /home/light/.platformio/packages/toolchain-gccarmnoneeabi/bin/../lib/gcc/arm-none-eabi/7.2.1/../../../../arm-none-eabi/lib/thumb/v7e-m/libc_nano.a
LOAD /home/light/.platformio/packages/toolchain-gccarmnoneeabi/bin/../lib/gcc/arm-none-eabi/7.2.1/../../../../arm-none-eabi/lib/thumb/v7e-m/libnosys.a
END GROUP
LOAD /home/light/.platformio/packages/toolchain-gccarmnoneeabi/bin/../lib/gcc/arm-none-eabi/7.2.1/thumb/v7e-m/crtend.o
LOAD /home/light/.platformio/packages/toolchain-gccarmnoneeabi/bin/../lib/gcc/arm-none-eabi/7.2.1/thumb/v7e-m/crtn.o
                0x0000000020020000                _estack = (ORIGIN (DTCMRAM) + LENGTH (DTCMRAM))
                0x0000000000000800                _Min_Heap_Size = 0x800
                0x0000000000001200                _Min_Stack_Size = 0x1200

.isr_vector     0x0000000008000000      0x298
                0x0000000008000000                . = ALIGN (0x4)
 *(.isr_vector)
 .isr_vector    0x0000000008000000      0x298 .pio/build/weact_mini_h750vbtx/src/startup_stm32h750xx.o
                0x0000000008000000                g_pfnVectors
                0x0000000008000298                . = ALIGN (0x4)

.text           0x00000000080002a0     0x9130
                0x00000000080002a0                . = ALIGN (0x4)
 *(.text)
 .text          0x00000000080002a0       0x40 /home/light/.platformio/packages/toolchain-gccarmnoneeabi/bin/../lib/gcc/arm-none-eabi/7.2.1/thumb/v7e-m/crtbegin.o
 .text          0x00000000080002e0       0x10 /home/light/.platformio/packages/toolchain-gccarmnoneeabi/bin/../lib/gcc/arm-none-eabi/7.2.1/../../../../arm-none-eabi/lib/thumb/v7e-m/libc_nano.a(lib_a-strlen.o)
                0x00000000080002e0                strlen
 .text          0x00000000080002f0       0xa0 /home/light/.platformio/packages/toolchain-gccarmnoneeabi/bin/../lib/gcc/arm-none-eabi/7.2.1/../../../../arm-none-eabi/lib/thumb/v7e-m/libc_nano.a(lib_a-memchr.o)
                0x00000000080002f0                memchr
 .text          0x0000000008000390      0x378 /home/light/.platformio/packages/toolchain-gccarmnoneeabi/bin/../lib/gcc/arm-none-eabi/7.2.1/thumb/v7e-m/libgcc.a(_arm_addsubdf3.o)
                0x0000000008000390                __aeabi_drsub
                0x0000000008000398                __aeabi_dsub
                0x0000000008000398                __subdf3
                0x000000000800039c                __adddf3
                0x000000000800039c                __aeabi_dadd
                0x0000000008000614                __aeabi_ui2d
                0x0000000008000614                __floatunsidf
                0x0000000008000634                __floatsidf
                0x0000000008000634                __aeabi_i2d
                0x0000000008000658                __extendsfdf2
                0x0000000008000658                __aeabi_f2d
                0x000000000800069c                __aeabi_ul2d
                0x000000000800069c                __floatundidf
                0x00000000080006ac                __floatdidf
                0x00000000080006ac                __aeabi_l2d
 .text          0x0000000008000708      0x424 /home/light/.platformio/packages/toolchain-gccarmnoneeabi/bin/../lib/gcc/arm-none-eabi/7.2.1/thumb/v7e-m/libgcc.a(_arm_muldivdf3.o)
                0x0000000008000708                __aeabi_dmul
                0x0000000008000708                __muldf3
                0x000000000800095c                __aeabi_ddiv
                0x000000000800095c                __divdf3
 .text          0x0000000008000b2c      0x110 /home/light/.platformio/packages/toolchain-gccarmnoneeabi/bin/../lib/gcc/arm-none-eabi/7.2.1/thumb/v7e-m/libgcc.a(_arm_cmpdf2.o)
                0x0000000008000b2c                __gtdf2
                0x0000000008000b2c                __gedf2
                0x0000000008000b34                __ltdf2
                0x0000000008000b34                __ledf2
                0x0000000008000b3c                __cmpdf2
                0x0000000008000b3c                __eqdf2
                0x0000000008000b3c                __nedf2
                0x0000000008000bb8                __aeabi_cdrcmple
                0x0000000008000bc8                __aeabi_cdcmple
                0x0000000008000bc8                __aeabi_cdcmpeq
                0x0000000008000bd8                __aeabi_dcmpeq
                0x0000000008000bec                __aeabi_dcmplt
                0x0000000008000c00                __aeabi_dcmple
                0x0000000008000c14                __aeabi_dcmpge
                0x0000000008000c28                __aeabi_dcmpgt
 .text          0x0000000008000c3c       0x2c /home/light/.platformio/packages/toolchain-gccarmnoneeabi/bin/../lib/gcc/arm-none-eabi/7.2.1/thumb/v7e-m/libgcc.a(_arm_unorddf2.o)
                0x0000000008000c3c                __aeabi_dcmpun
                0x0000000008000c3c                __unorddf2
 .text          0x0000000008000c68       0x50 /home/light/.platformio/packages/toolchain-gccarmnoneeabi/bin/../lib/gcc/arm-none-eabi/7.2.1/thumb/v7e-m/libgcc.a(_arm_fixdfsi.o)
                0x0000000008000c68                __fixdfsi
                0x0000000008000c68                __aeabi_d2iz
 .text          0x0000000008000cb8      0x21c /home/light/.platformio/packages/toolchain-gccarmnoneeabi/bin/../lib/gcc/arm-none-eabi/7.2.1/thumb/v7e-m/libgcc.a(_arm_addsubsf3.o)
                0x0000000008000cb8                __aeabi_frsub
                0x0000000008000cc0                __subsf3
                0x0000000008000cc0                __aeabi_fsub
                0x0000000008000cc4                __aeabi_fadd
                0x0000000008000cc4                __addsf3
                0x0000000008000e24                __aeabi_ui2f
                0x0000000008000e24                __floatunsisf
                0x0000000008000e2c                __aeabi_i2f
                0x0000000008000e2c                __floatsisf
                0x0000000008000e48                __floatundisf
                0x0000000008000e48                __aeabi_ul2f
                0x0000000008000e58                __floatdisf
                0x0000000008000e58                __aeabi_l2f
 .text          0x0000000008000ed4      0x2a0 /home/light/.platformio/packages/toolchain-gccarmnoneeabi/bin/../lib/gcc/arm-none-eabi/7.2.1/thumb/v7e-m/libgcc.a(_arm_muldivsf3.o)
                0x0000000008000ed4                __mulsf3
                0x0000000008000ed4                __aeabi_fmul
                0x000000000800103c                __divsf3
                0x000000000800103c                __aeabi_fdiv
 .text          0x0000000008001174       0x40 /home/light/.platformio/packages/toolchain-gccarmnoneeabi/bin/../lib/gcc/arm-none-eabi/7.2.1/thumb/v7e-m/libgcc.a(_arm_fixunssfsi.o)
                0x0000000008001174                __aeabi_f2uiz
                0x0000000008001174                __fixunssfsi
 .text          0x00000000080011b4       0x30 /home/light/.platformio/packages/toolchain-gccarmnoneeabi/bin/../lib/gcc/arm-none-eabi/7.2.1/thumb/v7e-m/libgcc.a(_aeabi_uldivmod.o)
                0x00000000080011b4                __aeabi_uldivmod
 .text          0x00000000080011e4      0x2cc /home/light/.platformio/packages/toolchain-gccarmnoneeabi/bin/../lib/gcc/arm-none-eabi/7.2.1/thumb/v7e-m/libgcc.a(_udivmoddi4.o)
                0x00000000080011e4                __udivmoddi4
 .text          0x00000000080014b0        0x4 /home/light/.platformio/packages/toolchain-gccarmnoneeabi/bin/../lib/gcc/arm-none-eabi/7.2.1/thumb/v7e-m/libgcc.a(_dvmd_tls.o)
                0x00000000080014b0                __aeabi_ldiv0
                0x00000000080014b0                __aeabi_idiv0
 *(.text*)
 .text.MX_DMA2D_Init
                0x00000000080014b4       0x2c .pio/build/weact_mini_h750vbtx/src/Core/Src/dma2d.o
                0x00000000080014b4                MX_DMA2D_Init
 .text.HAL_DMA2D_MspInit
                0x00000000080014e0       0x34 .pio/build/weact_mini_h750vbtx/src/Core/Src/dma2d.o
                0x00000000080014e0                HAL_DMA2D_MspInit
 .text.HAL_FMC_MspInit
                0x0000000008001514      0x140 .pio/build/weact_mini_h750vbtx/src/Core/Src/fmc.o
 .text.MX_FMC_Init
                0x0000000008001654       0xdc .pio/build/weact_mini_h750vbtx/src/Core/Src/fmc.o
                0x0000000008001654                MX_FMC_Init
 .text.HAL_NAND_MspInit
                0x0000000008001730        0x8 .pio/build/weact_mini_h750vbtx/src/Core/Src/fmc.o
                0x0000000008001730                HAL_NAND_MspInit
 .text.HAL_SDRAM_MspInit
                0x0000000008001738        0x8 .pio/build/weact_mini_h750vbtx/src/Core/Src/fmc.o
                0x0000000008001738                HAL_SDRAM_MspInit
 .text.MX_GPIO_Init
                0x0000000008001740      0x1f8 .pio/build/weact_mini_h750vbtx/src/Core/Src/gpio.o
                0x0000000008001740                MX_GPIO_Init
 .text.MX_JPEG_Init
                0x0000000008001938       0x20 .pio/build/weact_mini_h750vbtx/src/Core/Src/jpeg.o
                0x0000000008001938                MX_JPEG_Init
 .text.HAL_JPEG_MspInit
                0x0000000008001958       0x34 .pio/build/weact_mini_h750vbtx/src/Core/Src/jpeg.o
                0x0000000008001958                HAL_JPEG_MspInit
 .text.Error_Handler
                0x000000000800198c        0x4 .pio/build/weact_mini_h750vbtx/src/Core/Src/main.o
                0x000000000800198c                Error_Handler
 .text.SystemClock_Config
                0x0000000008001990       0xe8 .pio/build/weact_mini_h750vbtx/src/Core/Src/main.o
                0x0000000008001990                SystemClock_Config
 .text.main     0x0000000008001a78      0x124 .pio/build/weact_mini_h750vbtx/src/Core/Src/main.o
                0x0000000008001a78                main
 .text.MX_QUADSPI_Init
                0x0000000008001b9c       0x40 .pio/build/weact_mini_h750vbtx/src/Core/Src/quadspi.o
                0x0000000008001b9c                MX_QUADSPI_Init
 .text.HAL_QSPI_MspInit
                0x0000000008001bdc      0x11c .pio/build/weact_mini_h750vbtx/src/Core/Src/quadspi.o
                0x0000000008001bdc                HAL_QSPI_MspInit
 .text.MX_RTC_Init
                0x0000000008001cf8       0x90 .pio/build/weact_mini_h750vbtx/src/Core/Src/rtc.o
                0x0000000008001cf8                MX_RTC_Init
 .text.HAL_RTC_MspInit
                0x0000000008001d88       0x4c .pio/build/weact_mini_h750vbtx/src/Core/Src/rtc.o
                0x0000000008001d88                HAL_RTC_MspInit
 .text.MX_SPI2_Init
                0x0000000008001dd4       0x64 .pio/build/weact_mini_h750vbtx/src/Core/Src/spi.o
                0x0000000008001dd4                MX_SPI2_Init
 .text.HAL_SPI_MspInit
                0x0000000008001e38       0x9c .pio/build/weact_mini_h750vbtx/src/Core/Src/spi.o
                0x0000000008001e38                HAL_SPI_MspInit
 .text.HAL_MspInit
                0x0000000008001ed4       0x24 .pio/build/weact_mini_h750vbtx/src/Core/Src/stm32h7xx_hal_msp.o
                0x0000000008001ed4                HAL_MspInit
 .text.NMI_Handler
                0x0000000008001ef8        0x2 .pio/build/weact_mini_h750vbtx/src/Core/Src/stm32h7xx_it.o
                0x0000000008001ef8                NMI_Handler
 .text.HardFault_Handler
                0x0000000008001efa        0x2 .pio/build/weact_mini_h750vbtx/src/Core/Src/stm32h7xx_it.o
                0x0000000008001efa                HardFault_Handler
 .text.MemManage_Handler
                0x0000000008001efc        0x2 .pio/build/weact_mini_h750vbtx/src/Core/Src/stm32h7xx_it.o
                0x0000000008001efc                MemManage_Handler
 .text.BusFault_Handler
                0x0000000008001efe        0x2 .pio/build/weact_mini_h750vbtx/src/Core/Src/stm32h7xx_it.o
                0x0000000008001efe                BusFault_Handler
 .text.UsageFault_Handler
                0x0000000008001f00        0x2 .pio/build/weact_mini_h750vbtx/src/Core/Src/stm32h7xx_it.o
                0x0000000008001f00                UsageFault_Handler
 .text.SVC_Handler
                0x0000000008001f02        0x2 .pio/build/weact_mini_h750vbtx/src/Core/Src/stm32h7xx_it.o
                0x0000000008001f02                SVC_Handler
 .text.DebugMon_Handler
                0x0000000008001f04        0x2 .pio/build/weact_mini_h750vbtx/src/Core/Src/stm32h7xx_it.o
                0x0000000008001f04                DebugMon_Handler
 .text.PendSV_Handler
                0x0000000008001f06        0x2 .pio/build/weact_mini_h750vbtx/src/Core/Src/stm32h7xx_it.o
                0x0000000008001f06                PendSV_Handler
 .text.SysTick_Handler
                0x0000000008001f08        0x8 .pio/build/weact_mini_h750vbtx/src/Core/Src/stm32h7xx_it.o
                0x0000000008001f08                SysTick_Handler
 .text.QUADSPI_IRQHandler
                0x0000000008001f10       0x10 .pio/build/weact_mini_h750vbtx/src/Core/Src/stm32h7xx_it.o
                0x0000000008001f10                QUADSPI_IRQHandler
 .text._write   0x0000000008001f20       0x34 .pio/build/weact_mini_h750vbtx/src/Core/Src/syscalls.o
                0x0000000008001f20                _write
 .text.SystemInit
                0x0000000008001f54       0xbc .pio/build/weact_mini_h750vbtx/src/Core/Src/system_stm32h7xx.o
                0x0000000008001f54                SystemInit
 .text.MX_TIM6_Init
                0x0000000008002010       0x50 .pio/build/weact_mini_h750vbtx/src/Core/Src/tim.o
                0x0000000008002010                MX_TIM6_Init
 .text.HAL_TIM_Base_MspInit
                0x0000000008002060       0x34 .pio/build/weact_mini_h750vbtx/src/Core/Src/tim.o
                0x0000000008002060                HAL_TIM_Base_MspInit
 .text.delay_us
                0x0000000008002094       0x28 .pio/build/weact_mini_h750vbtx/src/Core/Src/tim.o
                0x0000000008002094                delay_us
 .text.MX_USART1_UART_Init
                0x00000000080020bc       0x68 .pio/build/weact_mini_h750vbtx/src/Core/Src/usart.o
                0x00000000080020bc                MX_USART1_UART_Init
 .text.HAL_UART_MspInit
                0x0000000008002124       0x98 .pio/build/weact_mini_h750vbtx/src/Core/Src/usart.o
                0x0000000008002124                HAL_UART_MspInit
 .text.HAL_InitTick
                0x00000000080021bc       0x50 .pio/build/weact_mini_h750vbtx/src/Drivers/STM32H7xx_HAL_Driver/Src/stm32h7xx_hal.o
                0x00000000080021bc                HAL_InitTick
 .text.HAL_Init
                0x000000000800220c       0x5c .pio/build/weact_mini_h750vbtx/src/Drivers/STM32H7xx_HAL_Driver/Src/stm32h7xx_hal.o
                0x000000000800220c                HAL_Init
 .text.HAL_IncTick
                0x0000000008002268       0x18 .pio/build/weact_mini_h750vbtx/src/Drivers/STM32H7xx_HAL_Driver/Src/stm32h7xx_hal.o
                0x0000000008002268                HAL_IncTick
 .text.HAL_GetTick
                0x0000000008002280        0xc .pio/build/weact_mini_h750vbtx/src/Drivers/STM32H7xx_HAL_Driver/Src/stm32h7xx_hal.o
                0x0000000008002280                HAL_GetTick
 .text.HAL_Delay
                0x000000000800228c       0x28 .pio/build/weact_mini_h750vbtx/src/Drivers/STM32H7xx_HAL_Driver/Src/stm32h7xx_hal.o
                0x000000000800228c                HAL_Delay
 .text.HAL_GetREVID
                0x00000000080022b4        0xc .pio/build/weact_mini_h750vbtx/src/Drivers/STM32H7xx_HAL_Driver/Src/stm32h7xx_hal.o
                0x00000000080022b4                HAL_GetREVID
 .text.HAL_NVIC_SetPriorityGrouping
                0x00000000080022c0       0x24 .pio/build/weact_mini_h750vbtx/src/Drivers/STM32H7xx_HAL_Driver/Src/stm32h7xx_hal_cortex.o
                0x00000000080022c0                HAL_NVIC_SetPriorityGrouping
 .text.HAL_NVIC_SetPriority
                0x00000000080022e4       0x64 .pio/build/weact_mini_h750vbtx/src/Drivers/STM32H7xx_HAL_Driver/Src/stm32h7xx_hal_cortex.o
                0x00000000080022e4                HAL_NVIC_SetPriority
 .text.HAL_NVIC_EnableIRQ
                0x0000000008002348       0x1c .pio/build/weact_mini_h750vbtx/src/Drivers/STM32H7xx_HAL_Driver/Src/stm32h7xx_hal_cortex.o
                0x0000000008002348                HAL_NVIC_EnableIRQ
 .text.HAL_SYSTICK_Config
                0x0000000008002364       0x2c .pio/build/weact_mini_h750vbtx/src/Drivers/STM32H7xx_HAL_Driver/Src/stm32h7xx_hal_cortex.o
                0x0000000008002364                HAL_SYSTICK_Config
 .text.HAL_DMA2D_Init
                0x0000000008002390       0x84 .pio/build/weact_mini_h750vbtx/src/Drivers/STM32H7xx_HAL_Driver/Src/stm32h7xx_hal_dma2d.o
                0x0000000008002390                HAL_DMA2D_Init
 .text.HAL_GPIO_Init
                0x0000000008002414      0x1ec .pio/build/weact_mini_h750vbtx/src/Drivers/STM32H7xx_HAL_Driver/Src/stm32h7xx_hal_gpio.o
                0x0000000008002414                HAL_GPIO_Init
 .text.HAL_GPIO_WritePin
                0x0000000008002600        0xc .pio/build/weact_mini_h750vbtx/src/Drivers/STM32H7xx_HAL_Driver/Src/stm32h7xx_hal_gpio.o
                0x0000000008002600                HAL_GPIO_WritePin
 .text.JPEG_Bits_To_SizeCodes
                0x000000000800260c       0x68 .pio/build/weact_mini_h750vbtx/src/Drivers/STM32H7xx_HAL_Driver/Src/stm32h7xx_hal_jpeg.o
 .text.JPEG_ACHuff_BitsVals_To_SizeCodes
                0x0000000008002674       0x70 .pio/build/weact_mini_h750vbtx/src/Drivers/STM32H7xx_HAL_Driver/Src/stm32h7xx_hal_jpeg.o
 .text.JPEG_DCHuff_BitsVals_To_SizeCodes
                0x00000000080026e4       0x54 .pio/build/weact_mini_h750vbtx/src/Drivers/STM32H7xx_HAL_Driver/Src/stm32h7xx_hal_jpeg.o
 .text.JPEG_Set_HuffDC_Mem
                0x0000000008002738       0x94 .pio/build/weact_mini_h750vbtx/src/Drivers/STM32H7xx_HAL_Driver/Src/stm32h7xx_hal_jpeg.o
 .text.JPEG_Set_HuffAC_Mem
                0x00000000080027cc       0xb0 .pio/build/weact_mini_h750vbtx/src/Drivers/STM32H7xx_HAL_Driver/Src/stm32h7xx_hal_jpeg.o
 .text.JPEG_Set_Huff_DHTMem
                0x000000000800287c      0x23c .pio/build/weact_mini_h750vbtx/src/Drivers/STM32H7xx_HAL_Driver/Src/stm32h7xx_hal_jpeg.o
 .text.JPEG_Set_HuffEnc_Mem
                0x0000000008002ab8       0x68 .pio/build/weact_mini_h750vbtx/src/Drivers/STM32H7xx_HAL_Driver/Src/stm32h7xx_hal_jpeg.o
 .text.HAL_JPEG_Init
                0x0000000008002b20       0xa8 .pio/build/weact_mini_h750vbtx/src/Drivers/STM32H7xx_HAL_Driver/Src/stm32h7xx_hal_jpeg.o
                0x0000000008002b20                HAL_JPEG_Init
 .text.HAL_MDMA_Abort_IT
                0x0000000008002bc8       0x2c .pio/build/weact_mini_h750vbtx/src/Drivers/STM32H7xx_HAL_Driver/Src/stm32h7xx_hal_mdma.o
                0x0000000008002bc8                HAL_MDMA_Abort_IT
 .text.HAL_NAND_Init
                0x0000000008002bf4       0x60 .pio/build/weact_mini_h750vbtx/src/Drivers/STM32H7xx_HAL_Driver/Src/stm32h7xx_hal_nand.o
                0x0000000008002bf4                HAL_NAND_Init
 .text.HAL_PWR_EnableBkUpAccess
                0x0000000008002c54       0x10 .pio/build/weact_mini_h750vbtx/src/Drivers/STM32H7xx_HAL_Driver/Src/stm32h7xx_hal_pwr.o
                0x0000000008002c54                HAL_PWR_EnableBkUpAccess
 .text.HAL_PWREx_ConfigSupply
                0x0000000008002c64       0x54 .pio/build/weact_mini_h750vbtx/src/Drivers/STM32H7xx_HAL_Driver/Src/stm32h7xx_hal_pwr_ex.o
                0x0000000008002c64                HAL_PWREx_ConfigSupply
 .text.QSPI_Config
                0x0000000008002cb8      0x1d2 .pio/build/weact_mini_h750vbtx/src/Drivers/STM32H7xx_HAL_Driver/Src/stm32h7xx_hal_qspi.o
 .text.QSPI_WaitFlagStateUntilTimeout
                0x0000000008002e8a       0x4c .pio/build/weact_mini_h750vbtx/src/Drivers/STM32H7xx_HAL_Driver/Src/stm32h7xx_hal_qspi.o
 .text.HAL_QSPI_Command
                0x0000000008002ed6       0x98 .pio/build/weact_mini_h750vbtx/src/Drivers/STM32H7xx_HAL_Driver/Src/stm32h7xx_hal_qspi.o
                0x0000000008002ed6                HAL_QSPI_Command
 .text.HAL_QSPI_Transmit
                0x0000000008002f6e       0xca .pio/build/weact_mini_h750vbtx/src/Drivers/STM32H7xx_HAL_Driver/Src/stm32h7xx_hal_qspi.o
                0x0000000008002f6e                HAL_QSPI_Transmit
 .text.HAL_QSPI_Receive
                0x0000000008003038       0xd4 .pio/build/weact_mini_h750vbtx/src/Drivers/STM32H7xx_HAL_Driver/Src/stm32h7xx_hal_qspi.o
                0x0000000008003038                HAL_QSPI_Receive
 .text.HAL_QSPI_AutoPolling
                0x000000000800310c       0xb6 .pio/build/weact_mini_h750vbtx/src/Drivers/STM32H7xx_HAL_Driver/Src/stm32h7xx_hal_qspi.o
                0x000000000800310c                HAL_QSPI_AutoPolling
 .text.HAL_QSPI_MemoryMapped
                0x00000000080031c2       0x92 .pio/build/weact_mini_h750vbtx/src/Drivers/STM32H7xx_HAL_Driver/Src/stm32h7xx_hal_qspi.o
                0x00000000080031c2                HAL_QSPI_MemoryMapped
 .text.HAL_QSPI_ErrorCallback
                0x0000000008003254        0x2 .pio/build/weact_mini_h750vbtx/src/Drivers/STM32H7xx_HAL_Driver/Src/stm32h7xx_hal_qspi.o
                0x0000000008003254                HAL_QSPI_ErrorCallback
 .text.QSPI_DMAAbortCplt
                0x0000000008003256       0x3c .pio/build/weact_mini_h750vbtx/src/Drivers/STM32H7xx_HAL_Driver/Src/stm32h7xx_hal_qspi.o
 .text.HAL_QSPI_AbortCpltCallback
                0x0000000008003292        0x2 .pio/build/weact_mini_h750vbtx/src/Drivers/STM32H7xx_HAL_Driver/Src/stm32h7xx_hal_qspi.o
                0x0000000008003292                HAL_QSPI_AbortCpltCallback
 .text.HAL_QSPI_CmdCpltCallback
                0x0000000008003294        0x2 .pio/build/weact_mini_h750vbtx/src/Drivers/STM32H7xx_HAL_Driver/Src/stm32h7xx_hal_qspi.o
                0x0000000008003294                HAL_QSPI_CmdCpltCallback
 .text.HAL_QSPI_RxCpltCallback
                0x0000000008003296        0x2 .pio/build/weact_mini_h750vbtx/src/Drivers/STM32H7xx_HAL_Driver/Src/stm32h7xx_hal_qspi.o
                0x0000000008003296                HAL_QSPI_RxCpltCallback
 .text.HAL_QSPI_TxCpltCallback
                0x0000000008003298        0x2 .pio/build/weact_mini_h750vbtx/src/Drivers/STM32H7xx_HAL_Driver/Src/stm32h7xx_hal_qspi.o
                0x0000000008003298                HAL_QSPI_TxCpltCallback
 .text.HAL_QSPI_FifoThresholdCallback
                0x000000000800329a        0x2 .pio/build/weact_mini_h750vbtx/src/Drivers/STM32H7xx_HAL_Driver/Src/stm32h7xx_hal_qspi.o
                0x000000000800329a                HAL_QSPI_FifoThresholdCallback
 .text.HAL_QSPI_StatusMatchCallback
                0x000000000800329c        0x2 .pio/build/weact_mini_h750vbtx/src/Drivers/STM32H7xx_HAL_Driver/Src/stm32h7xx_hal_qspi.o
                0x000000000800329c                HAL_QSPI_StatusMatchCallback
 .text.HAL_QSPI_TimeOutCallback
                0x000000000800329e        0x2 .pio/build/weact_mini_h750vbtx/src/Drivers/STM32H7xx_HAL_Driver/Src/stm32h7xx_hal_qspi.o
                0x000000000800329e                HAL_QSPI_TimeOutCallback
 .text.HAL_QSPI_IRQHandler
                0x00000000080032a0      0x240 .pio/build/weact_mini_h750vbtx/src/Drivers/STM32H7xx_HAL_Driver/Src/stm32h7xx_hal_qspi.o
                0x00000000080032a0                HAL_QSPI_IRQHandler
 .text.HAL_QSPI_SetTimeout
                0x00000000080034e0        0x4 .pio/build/weact_mini_h750vbtx/src/Drivers/STM32H7xx_HAL_Driver/Src/stm32h7xx_hal_qspi.o
                0x00000000080034e0                HAL_QSPI_SetTimeout
 .text.HAL_QSPI_Init
                0x00000000080034e4       0xac .pio/build/weact_mini_h750vbtx/src/Drivers/STM32H7xx_HAL_Driver/Src/stm32h7xx_hal_qspi.o
                0x00000000080034e4                HAL_QSPI_Init
 .text.HAL_RCC_OscConfig
                0x0000000008003590      0x674 .pio/build/weact_mini_h750vbtx/src/Drivers/STM32H7xx_HAL_Driver/Src/stm32h7xx_hal_rcc.o
                0x0000000008003590                HAL_RCC_OscConfig
 .text.HAL_RCC_GetSysClockFreq
                0x0000000008003c04      0x218 .pio/build/weact_mini_h750vbtx/src/Drivers/STM32H7xx_HAL_Driver/Src/stm32h7xx_hal_rcc.o
                0x0000000008003c04                HAL_RCC_GetSysClockFreq
 .text.HAL_RCC_ClockConfig
                0x0000000008003e1c      0x294 .pio/build/weact_mini_h750vbtx/src/Drivers/STM32H7xx_HAL_Driver/Src/stm32h7xx_hal_rcc.o
                0x0000000008003e1c                HAL_RCC_ClockConfig
 .text.HAL_RCC_GetHCLKFreq
                0x00000000080040b0       0x44 .pio/build/weact_mini_h750vbtx/src/Drivers/STM32H7xx_HAL_Driver/Src/stm32h7xx_hal_rcc.o
                0x00000000080040b0                HAL_RCC_GetHCLKFreq
 .text.HAL_RCC_GetPCLK1Freq
                0x00000000080040f4       0x24 .pio/build/weact_mini_h750vbtx/src/Drivers/STM32H7xx_HAL_Driver/Src/stm32h7xx_hal_rcc.o
                0x00000000080040f4                HAL_RCC_GetPCLK1Freq
 .text.HAL_RCC_GetPCLK2Freq
                0x0000000008004118       0x24 .pio/build/weact_mini_h750vbtx/src/Drivers/STM32H7xx_HAL_Driver/Src/stm32h7xx_hal_rcc.o
                0x0000000008004118                HAL_RCC_GetPCLK2Freq
 .text.RCCEx_PLL2_Config
                0x000000000800413c      0x10c .pio/build/weact_mini_h750vbtx/src/Drivers/STM32H7xx_HAL_Driver/Src/stm32h7xx_hal_rcc_ex.o
 .text.RCCEx_PLL3_Config
                0x0000000008004248      0x10c .pio/build/weact_mini_h750vbtx/src/Drivers/STM32H7xx_HAL_Driver/Src/stm32h7xx_hal_rcc_ex.o
 .text.HAL_RCCEx_PeriphCLKConfig
                0x0000000008004354      0x950 .pio/build/weact_mini_h750vbtx/src/Drivers/STM32H7xx_HAL_Driver/Src/stm32h7xx_hal_rcc_ex.o
                0x0000000008004354                HAL_RCCEx_PeriphCLKConfig
 .text.HAL_RCCEx_GetD3PCLK1Freq
                0x0000000008004ca4       0x24 .pio/build/weact_mini_h750vbtx/src/Drivers/STM32H7xx_HAL_Driver/Src/stm32h7xx_hal_rcc_ex.o
                0x0000000008004ca4                HAL_RCCEx_GetD3PCLK1Freq
 .text.HAL_RCCEx_GetPLL2ClockFreq
                0x0000000008004cc8      0x22c .pio/build/weact_mini_h750vbtx/src/Drivers/STM32H7xx_HAL_Driver/Src/stm32h7xx_hal_rcc_ex.o
                0x0000000008004cc8                HAL_RCCEx_GetPLL2ClockFreq
 .text.HAL_RCCEx_GetPLL3ClockFreq
                0x0000000008004ef4      0x22c .pio/build/weact_mini_h750vbtx/src/Drivers/STM32H7xx_HAL_Driver/Src/stm32h7xx_hal_rcc_ex.o
                0x0000000008004ef4                HAL_RCCEx_GetPLL3ClockFreq
 .text.HAL_RTC_WaitForSynchro
                0x0000000008005120       0x32 .pio/build/weact_mini_h750vbtx/src/Drivers/STM32H7xx_HAL_Driver/Src/stm32h7xx_hal_rtc.o
                0x0000000008005120                HAL_RTC_WaitForSynchro
 .text.RTC_EnterInitMode
                0x0000000008005152       0x44 .pio/build/weact_mini_h750vbtx/src/Drivers/STM32H7xx_HAL_Driver/Src/stm32h7xx_hal_rtc.o
                0x0000000008005152                RTC_EnterInitMode
 *fill*         0x0000000008005196        0x2 
 .text.RTC_ExitInitMode
                0x0000000008005198       0x50 .pio/build/weact_mini_h750vbtx/src/Drivers/STM32H7xx_HAL_Driver/Src/stm32h7xx_hal_rtc.o
                0x0000000008005198                RTC_ExitInitMode
 .text.HAL_RTC_Init
                0x00000000080051e8       0x9c .pio/build/weact_mini_h750vbtx/src/Drivers/STM32H7xx_HAL_Driver/Src/stm32h7xx_hal_rtc.o
                0x00000000080051e8                HAL_RTC_Init
 .text.RTC_ByteToBcd2
                0x0000000008005284       0x16 .pio/build/weact_mini_h750vbtx/src/Drivers/STM32H7xx_HAL_Driver/Src/stm32h7xx_hal_rtc.o
                0x0000000008005284                RTC_ByteToBcd2
 *fill*         0x000000000800529a        0x2 
 .text.HAL_RTC_SetTime
                0x000000000800529c       0xd0 .pio/build/weact_mini_h750vbtx/src/Drivers/STM32H7xx_HAL_Driver/Src/stm32h7xx_hal_rtc.o
                0x000000000800529c                HAL_RTC_SetTime
 .text.HAL_RTC_SetDate
                0x000000000800536c       0xb0 .pio/build/weact_mini_h750vbtx/src/Drivers/STM32H7xx_HAL_Driver/Src/stm32h7xx_hal_rtc.o
                0x000000000800536c                HAL_RTC_SetDate
 .text.HAL_SDRAM_Init
                0x000000000800541c       0x50 .pio/build/weact_mini_h750vbtx/src/Drivers/STM32H7xx_HAL_Driver/Src/stm32h7xx_hal_sdram.o
                0x000000000800541c                HAL_SDRAM_Init
 .text.HAL_SDRAM_SendCommand
                0x000000000800546c       0x46 .pio/build/weact_mini_h750vbtx/src/Drivers/STM32H7xx_HAL_Driver/Src/stm32h7xx_hal_sdram.o
                0x000000000800546c                HAL_SDRAM_SendCommand
 .text.HAL_SDRAM_ProgramRefreshRate
                0x00000000080054b2       0x36 .pio/build/weact_mini_h750vbtx/src/Drivers/STM32H7xx_HAL_Driver/Src/stm32h7xx_hal_sdram.o
                0x00000000080054b2                HAL_SDRAM_ProgramRefreshRate
 .text.SPI_GetPacketSize
                0x00000000080054e8       0x10 .pio/build/weact_mini_h750vbtx/src/Drivers/STM32H7xx_HAL_Driver/Src/stm32h7xx_hal_spi.o
 .text.HAL_SPI_Init
                0x00000000080054f8      0x168 .pio/build/weact_mini_h750vbtx/src/Drivers/STM32H7xx_HAL_Driver/Src/stm32h7xx_hal_spi.o
                0x00000000080054f8                HAL_SPI_Init
 .text.HAL_TIM_Base_Start
                0x0000000008005660       0x88 .pio/build/weact_mini_h750vbtx/src/Drivers/STM32H7xx_HAL_Driver/Src/stm32h7xx_hal_tim.o
                0x0000000008005660                HAL_TIM_Base_Start
 .text.HAL_TIM_Base_Stop
                0x00000000080056e8       0x28 .pio/build/weact_mini_h750vbtx/src/Drivers/STM32H7xx_HAL_Driver/Src/stm32h7xx_hal_tim.o
                0x00000000080056e8                HAL_TIM_Base_Stop
 .text.TIM_Base_SetConfig
                0x0000000008005710      0x100 .pio/build/weact_mini_h750vbtx/src/Drivers/STM32H7xx_HAL_Driver/Src/stm32h7xx_hal_tim.o
                0x0000000008005710                TIM_Base_SetConfig
 .text.HAL_TIM_Base_Init
                0x0000000008005810       0x5e .pio/build/weact_mini_h750vbtx/src/Drivers/STM32H7xx_HAL_Driver/Src/stm32h7xx_hal_tim.o
                0x0000000008005810                HAL_TIM_Base_Init
 *fill*         0x000000000800586e        0x2 
 .text.HAL_TIMEx_MasterConfigSynchronization
                0x0000000008005870       0xa0 .pio/build/weact_mini_h750vbtx/src/Drivers/STM32H7xx_HAL_Driver/Src/stm32h7xx_hal_tim_ex.o
                0x0000000008005870                HAL_TIMEx_MasterConfigSynchronization
 .text.UART_SetConfig
                0x0000000008005910      0x620 .pio/build/weact_mini_h750vbtx/src/Drivers/STM32H7xx_HAL_Driver/Src/stm32h7xx_hal_uart.o
                0x0000000008005910                UART_SetConfig
 .text.UART_AdvFeatureConfig
                0x0000000008005f30       0xca .pio/build/weact_mini_h750vbtx/src/Drivers/STM32H7xx_HAL_Driver/Src/stm32h7xx_hal_uart.o
                0x0000000008005f30                UART_AdvFeatureConfig
 .text.UART_WaitOnFlagUntilTimeout
                0x0000000008005ffa       0xd2 .pio/build/weact_mini_h750vbtx/src/Drivers/STM32H7xx_HAL_Driver/Src/stm32h7xx_hal_uart.o
                0x0000000008005ffa                UART_WaitOnFlagUntilTimeout
 .text.HAL_UART_Transmit
                0x00000000080060cc       0xe4 .pio/build/weact_mini_h750vbtx/src/Drivers/STM32H7xx_HAL_Driver/Src/stm32h7xx_hal_uart.o
                0x00000000080060cc                HAL_UART_Transmit
 .text.UART_CheckIdleState
                0x00000000080061b0       0x74 .pio/build/weact_mini_h750vbtx/src/Drivers/STM32H7xx_HAL_Driver/Src/stm32h7xx_hal_uart.o
                0x00000000080061b0                UART_CheckIdleState
 .text.HAL_UART_Init
                0x0000000008006224       0x66 .pio/build/weact_mini_h750vbtx/src/Drivers/STM32H7xx_HAL_Driver/Src/stm32h7xx_hal_uart.o
                0x0000000008006224                HAL_UART_Init
 *fill*         0x000000000800628a        0x2 
 .text.UARTEx_SetNbDataToProcess
                0x000000000800628c       0x4c .pio/build/weact_mini_h750vbtx/src/Drivers/STM32H7xx_HAL_Driver/Src/stm32h7xx_hal_uart_ex.o
 .text.HAL_UARTEx_EnableFifoMode
                0x00000000080062d8       0x48 .pio/build/weact_mini_h750vbtx/src/Drivers/STM32H7xx_HAL_Driver/Src/stm32h7xx_hal_uart_ex.o
                0x00000000080062d8                HAL_UARTEx_EnableFifoMode
 .text.HAL_UARTEx_SetTxFifoThreshold
                0x0000000008006320       0x4a .pio/build/weact_mini_h750vbtx/src/Drivers/STM32H7xx_HAL_Driver/Src/stm32h7xx_hal_uart_ex.o
                0x0000000008006320                HAL_UARTEx_SetTxFifoThreshold
 .text.HAL_UARTEx_SetRxFifoThreshold
                0x000000000800636a       0x4a .pio/build/weact_mini_h750vbtx/src/Drivers/STM32H7xx_HAL_Driver/Src/stm32h7xx_hal_uart_ex.o
                0x000000000800636a                HAL_UARTEx_SetRxFifoThreshold
 .text.FMC_NAND_Init
                0x00000000080063b4       0x34 .pio/build/weact_mini_h750vbtx/src/Drivers/STM32H7xx_HAL_Driver/Src/stm32h7xx_ll_fmc.o
                0x00000000080063b4                FMC_NAND_Init
 .text.FMC_NAND_CommonSpace_Timing_Init
                0x00000000080063e8       0x1c .pio/build/weact_mini_h750vbtx/src/Drivers/STM32H7xx_HAL_Driver/Src/stm32h7xx_ll_fmc.o
                0x00000000080063e8                FMC_NAND_CommonSpace_Timing_Init
 .text.FMC_NAND_AttributeSpace_Timing_Init
                0x0000000008006404       0x1c .pio/build/weact_mini_h750vbtx/src/Drivers/STM32H7xx_HAL_Driver/Src/stm32h7xx_ll_fmc.o
                0x0000000008006404                FMC_NAND_AttributeSpace_Timing_Init
 .text.FMC_SDRAM_Init
                0x0000000008006420       0x74 .pio/build/weact_mini_h750vbtx/src/Drivers/STM32H7xx_HAL_Driver/Src/stm32h7xx_ll_fmc.o
                0x0000000008006420                FMC_SDRAM_Init
 .text.FMC_SDRAM_Timing_Init
                0x0000000008006494       0x94 .pio/build/weact_mini_h750vbtx/src/Drivers/STM32H7xx_HAL_Driver/Src/stm32h7xx_ll_fmc.o
                0x0000000008006494                FMC_SDRAM_Timing_Init
 .text.FMC_SDRAM_SendCommand
                0x0000000008006528       0x2c .pio/build/weact_mini_h750vbtx/src/Drivers/STM32H7xx_HAL_Driver/Src/stm32h7xx_ll_fmc.o
                0x0000000008006528                FMC_SDRAM_SendCommand
 .text.FMC_SDRAM_ProgramRefreshRate
                0x0000000008006554       0x14 .pio/build/weact_mini_h750vbtx/src/Drivers/STM32H7xx_HAL_Driver/Src/stm32h7xx_ll_fmc.o
                0x0000000008006554                FMC_SDRAM_ProgramRefreshRate
 .text.MX_LIBJPEG_Init
                0x0000000008006568        0x2 .pio/build/weact_mini_h750vbtx/src/LIBJPEG/App/libjpeg.o
                0x0000000008006568                MX_LIBJPEG_Init
 *fill*         0x000000000800656a        0x2 
 .text.Reset_Handler
                0x000000000800656c       0x50 .pio/build/weact_mini_h750vbtx/src/startup_stm32h750xx.o
                0x000000000800656c                Reset_Handler
 .text.Default_Handler
                0x00000000080065bc        0x2 .pio/build/weact_mini_h750vbtx/src/startup_stm32h750xx.o
                0x00000000080065bc                RTC_Alarm_IRQHandler
                0x00000000080065bc                HASH_RNG_IRQHandler
                0x00000000080065bc                EXTI2_IRQHandler
                0x00000000080065bc                TIM8_CC_IRQHandler
                0x00000000080065bc                HRTIM1_Master_IRQHandler
                0x00000000080065bc                UART8_IRQHandler
                0x00000000080065bc                SPI4_IRQHandler
                0x00000000080065bc                TIM1_CC_IRQHandler
                0x00000000080065bc                BDMA_Channel6_IRQHandler
                0x00000000080065bc                DMA2_Stream5_IRQHandler
                0x00000000080065bc                HRTIM1_FLT_IRQHandler
                0x00000000080065bc                JPEG_IRQHandler
                0x00000000080065bc                DMA1_Stream5_IRQHandler
                0x00000000080065bc                BDMA_Channel1_IRQHandler
                0x00000000080065bc                HRTIM1_TIMD_IRQHandler
                0x00000000080065bc                TAMP_STAMP_IRQHandler
                0x00000000080065bc                EXTI3_IRQHandler
                0x00000000080065bc                LPTIM4_IRQHandler
                0x00000000080065bc                TIM8_TRG_COM_TIM14_IRQHandler
                0x00000000080065bc                LPTIM2_IRQHandler
                0x00000000080065bc                DFSDM1_FLT1_IRQHandler
                0x00000000080065bc                DMAMUX2_OVR_IRQHandler
                0x00000000080065bc                TIM8_UP_TIM13_IRQHandler
                0x00000000080065bc                I2C3_ER_IRQHandler
                0x00000000080065bc                DFSDM1_FLT2_IRQHandler
                0x00000000080065bc                MDMA_IRQHandler
                0x00000000080065bc                LPTIM3_IRQHandler
                0x00000000080065bc                HSEM1_IRQHandler
                0x00000000080065bc                EXTI0_IRQHandler
                0x00000000080065bc                I2C2_EV_IRQHandler
                0x00000000080065bc                DMA1_Stream2_IRQHandler
                0x00000000080065bc                FPU_IRQHandler
                0x00000000080065bc                OTG_HS_WKUP_IRQHandler
                0x00000000080065bc                FDCAN1_IT1_IRQHandler
                0x00000000080065bc                LTDC_ER_IRQHandler
                0x00000000080065bc                DMA2_Stream2_IRQHandler
                0x00000000080065bc                HRTIM1_TIME_IRQHandler
                0x00000000080065bc                SPI1_IRQHandler
                0x00000000080065bc                TIM6_DAC_IRQHandler
                0x00000000080065bc                DCMI_IRQHandler
                0x00000000080065bc                HRTIM1_TIMC_IRQHandler
                0x00000000080065bc                DMA2_Stream3_IRQHandler
                0x00000000080065bc                SAI2_IRQHandler
                0x00000000080065bc                DFSDM1_FLT3_IRQHandler
                0x00000000080065bc                USART6_IRQHandler
                0x00000000080065bc                TIM17_IRQHandler
                0x00000000080065bc                USART3_IRQHandler
                0x00000000080065bc                BDMA_Channel7_IRQHandler
                0x00000000080065bc                CRYP_IRQHandler
                0x00000000080065bc                LPTIM5_IRQHandler
                0x00000000080065bc                UART5_IRQHandler
                0x00000000080065bc                ADC3_IRQHandler
                0x00000000080065bc                DMA2_Stream0_IRQHandler
                0x00000000080065bc                TIM4_IRQHandler
                0x00000000080065bc                BDMA_Channel2_IRQHandler
                0x00000000080065bc                I2C1_EV_IRQHandler
                0x00000000080065bc                DMA1_Stream6_IRQHandler
                0x00000000080065bc                DMAMUX1_OVR_IRQHandler
                0x00000000080065bc                DMA1_Stream1_IRQHandler
                0x00000000080065bc                TIM16_IRQHandler
                0x00000000080065bc                UART4_IRQHandler
                0x00000000080065bc                BDMA_Channel5_IRQHandler
                0x00000000080065bc                TIM3_IRQHandler
                0x00000000080065bc                RCC_IRQHandler
                0x00000000080065bc                TIM8_BRK_TIM12_IRQHandler
                0x00000000080065bc                TIM1_TRG_COM_IRQHandler
                0x00000000080065bc                Default_Handler
                0x00000000080065bc                ECC_IRQHandler
                0x00000000080065bc                CEC_IRQHandler
                0x00000000080065bc                EXTI15_10_IRQHandler
                0x00000000080065bc                BDMA_Channel0_IRQHandler
                0x00000000080065bc                ADC_IRQHandler
                0x00000000080065bc                DMA1_Stream7_IRQHandler
                0x00000000080065bc                HRTIM1_TIMA_IRQHandler
                0x00000000080065bc                SPI5_IRQHandler
                0x00000000080065bc                TIM7_IRQHandler
                0x00000000080065bc                SDMMC1_IRQHandler
                0x00000000080065bc                TIM5_IRQHandler
                0x00000000080065bc                DMA2_Stream7_IRQHandler
                0x00000000080065bc                TIM15_IRQHandler
                0x00000000080065bc                PVD_AVD_IRQHandler
                0x00000000080065bc                I2C3_EV_IRQHandler
                0x00000000080065bc                EXTI9_5_IRQHandler
                0x00000000080065bc                RTC_WKUP_IRQHandler
                0x00000000080065bc                LTDC_IRQHandler
                0x00000000080065bc                SAI3_IRQHandler
                0x00000000080065bc                ETH_WKUP_IRQHandler
                0x00000000080065bc                SPDIF_RX_IRQHandler
                0x00000000080065bc                SPI2_IRQHandler
                0x00000000080065bc                OTG_HS_EP1_IN_IRQHandler
                0x00000000080065bc                DMA1_Stream0_IRQHandler
                0x00000000080065bc                CRS_IRQHandler
                0x00000000080065bc                EXTI4_IRQHandler
                0x00000000080065bc                HRTIM1_TIMB_IRQHandler
                0x00000000080065bc                FDCAN2_IT1_IRQHandler
                0x00000000080065bc                ETH_IRQHandler
                0x00000000080065bc                TIM1_UP_IRQHandler
                0x00000000080065bc                BDMA_Channel4_IRQHandler
                0x00000000080065bc                OTG_HS_EP1_OUT_IRQHandler
                0x00000000080065bc                WWDG_IRQHandler
                0x00000000080065bc                SPI6_IRQHandler
                0x00000000080065bc                MDIOS_IRQHandler
                0x00000000080065bc                I2C4_EV_IRQHandler
                0x00000000080065bc                FDCAN2_IT0_IRQHandler
                0x00000000080065bc                LPUART1_IRQHandler
                0x00000000080065bc                FDCAN1_IT0_IRQHandler
                0x00000000080065bc                TIM2_IRQHandler
                0x00000000080065bc                OTG_FS_WKUP_IRQHandler
                0x00000000080065bc                OTG_HS_IRQHandler
                0x00000000080065bc                DMA2D_IRQHandler
                0x00000000080065bc                TIM1_BRK_IRQHandler
                0x00000000080065bc                EXTI1_IRQHandler
                0x00000000080065bc                SDMMC2_IRQHandler
                0x00000000080065bc                OTG_FS_EP1_OUT_IRQHandler
                0x00000000080065bc                BDMA_Channel3_IRQHandler
                0x00000000080065bc                UART7_IRQHandler
                0x00000000080065bc                MDIOS_WKUP_IRQHandler
                0x00000000080065bc                USART2_IRQHandler
                0x00000000080065bc                DFSDM1_FLT0_IRQHandler
                0x00000000080065bc                SAI4_IRQHandler
                0x00000000080065bc                I2C2_ER_IRQHandler
                0x00000000080065bc                DMA2_Stream1_IRQHandler
                0x00000000080065bc                FLASH_IRQHandler
                0x00000000080065bc                DMA2_Stream4_IRQHandler
                0x00000000080065bc                USART1_IRQHandler
                0x00000000080065bc                OTG_FS_IRQHandler
                0x00000000080065bc                SPI3_IRQHandler
                0x00000000080065bc                WAKEUP_PIN_IRQHandler
                0x00000000080065bc                DMA1_Stream4_IRQHandler
                0x00000000080065bc                OTG_FS_EP1_IN_IRQHandler
                0x00000000080065bc                I2C1_ER_IRQHandler
                0x00000000080065bc                FMC_IRQHandler
                0x00000000080065bc                FDCAN_CAL_IRQHandler
                0x00000000080065bc                SWPMI1_IRQHandler
                0x00000000080065bc                COMP1_IRQHandler
                0x00000000080065bc                LPTIM1_IRQHandler
                0x00000000080065bc                I2C4_ER_IRQHandler
                0x00000000080065bc                DMA2_Stream6_IRQHandler
                0x00000000080065bc                SAI1_IRQHandler
                0x00000000080065bc                DMA1_Stream3_IRQHandler
 *fill*         0x00000000080065be        0x2 
 .text.SDRAM_Send_Cmd
                0x00000000080065c0       0x34 .pio/build/weact_mini_h750vbtx/lib45c/libSDRAM.a(sdram.o)
                0x00000000080065c0                SDRAM_Send_Cmd
 .text.SDRAM_Initialization_Sequence
                0x00000000080065f4       0x4c .pio/build/weact_mini_h750vbtx/lib45c/libSDRAM.a(sdram.o)
                0x00000000080065f4                SDRAM_Initialization_Sequence
 .text.SDRAM_Init
                0x0000000008006640       0x10 .pio/build/weact_mini_h750vbtx/lib45c/libSDRAM.a(sdram.o)
                0x0000000008006640                SDRAM_Init
 .text.QSPI_Send_CMD
                0x0000000008006650       0xdc .pio/build/weact_mini_h750vbtx/libe66/libNORFLASH.a(norflash.o)
                0x0000000008006650                QSPI_Send_CMD
 .text.NORFLASH_Write_Enable
                0x000000000800672c       0x28 .pio/build/weact_mini_h750vbtx/libe66/libNORFLASH.a(norflash.o)
                0x000000000800672c                NORFLASH_Write_Enable
 .text.QSPI_Receive
                0x0000000008006754       0x20 .pio/build/weact_mini_h750vbtx/libe66/libNORFLASH.a(norflash.o)
                0x0000000008006754                QSPI_Receive
 .text.NORFLASH_ReadSR
                0x0000000008006774       0x50 .pio/build/weact_mini_h750vbtx/libe66/libNORFLASH.a(norflash.o)
                0x0000000008006774                NORFLASH_ReadSR
 .text.NORFLASH_Wait_Busy
                0x00000000080067c4       0x10 .pio/build/weact_mini_h750vbtx/libe66/libNORFLASH.a(norflash.o)
                0x00000000080067c4                NORFLASH_Wait_Busy
 .text.NORFLASH_Erase_Sector
                0x00000000080067d4       0x1e .pio/build/weact_mini_h750vbtx/libe66/libNORFLASH.a(norflash.o)
                0x00000000080067d4                NORFLASH_Erase_Sector
 *fill*         0x00000000080067f2        0x2 
 .text.NORFLASH_ReadID
                0x00000000080067f4       0x44 .pio/build/weact_mini_h750vbtx/libe66/libNORFLASH.a(norflash.o)
                0x00000000080067f4                NORFLASH_ReadID
 .text.NORFLASH_Read
                0x0000000008006838       0x1a .pio/build/weact_mini_h750vbtx/libe66/libNORFLASH.a(norflash.o)
                0x0000000008006838                NORFLASH_Read
 *fill*         0x0000000008006852        0x2 
 .text.QSPI_Transmit
                0x0000000008006854       0x20 .pio/build/weact_mini_h750vbtx/libe66/libNORFLASH.a(norflash.o)
                0x0000000008006854                QSPI_Transmit
 .text.NORFLASH_Write_SR
                0x0000000008006874       0x4c .pio/build/weact_mini_h750vbtx/libe66/libNORFLASH.a(norflash.o)
                0x0000000008006874                NORFLASH_Write_SR
 .text.NORFLASH_Qspi_Enable
                0x00000000080068c0       0x48 .pio/build/weact_mini_h750vbtx/libe66/libNORFLASH.a(norflash.o)
                0x00000000080068c0                NORFLASH_Qspi_Enable
 .text.NORFLASH_Init
                0x0000000008006908       0x50 .pio/build/weact_mini_h750vbtx/libe66/libNORFLASH.a(norflash.o)
                0x0000000008006908                NORFLASH_Init
 .text.NORFLASH_Write_Page
                0x0000000008006958       0x26 .pio/build/weact_mini_h750vbtx/libe66/libNORFLASH.a(norflash.o)
                0x0000000008006958                NORFLASH_Write_Page
 .text.NORFLASH_Write_NoCheck
                0x000000000800697e       0x3e .pio/build/weact_mini_h750vbtx/libe66/libNORFLASH.a(norflash.o)
                0x000000000800697e                NORFLASH_Write_NoCheck
 .text.NORFLASH_Write
                0x00000000080069bc       0xa4 .pio/build/weact_mini_h750vbtx/libe66/libNORFLASH.a(norflash.o)
                0x00000000080069bc                NORFLASH_Write
 .text.NORFLASH_AutoPollingMemReady
                0x0000000008006a60       0x58 .pio/build/weact_mini_h750vbtx/libe66/libNORFLASH.a(norflash.o)
                0x0000000008006a60                NORFLASH_AutoPollingMemReady
 .text.NORFLASH_Reset
                0x0000000008006ab8       0x74 .pio/build/weact_mini_h750vbtx/libe66/libNORFLASH.a(norflash.o)
                0x0000000008006ab8                NORFLASH_Reset
 .text.NORFLASH_MemoryMappedMode
                0x0000000008006b2c       0x60 .pio/build/weact_mini_h750vbtx/libe66/libNORFLASH.a(norflash.o)
                0x0000000008006b2c                NORFLASH_MemoryMappedMode
 .text.NORFLASH_BlockErase_32K
                0x0000000008006b8c       0x60 .pio/build/weact_mini_h750vbtx/libe66/libNORFLASH.a(norflash.o)
                0x0000000008006b8c                NORFLASH_BlockErase_32K
 .text.__errno  0x0000000008006bec        0xc /home/light/.platformio/packages/toolchain-gccarmnoneeabi/bin/../lib/gcc/arm-none-eabi/7.2.1/../../../../arm-none-eabi/lib/thumb/v7e-m/libc_nano.a(lib_a-errno.o)
                0x0000000008006bec                __errno
 .text.__libc_init_array
                0x0000000008006bf8       0x48 /home/light/.platformio/packages/toolchain-gccarmnoneeabi/bin/../lib/gcc/arm-none-eabi/7.2.1/../../../../arm-none-eabi/lib/thumb/v7e-m/libc_nano.a(lib_a-init.o)
                0x0000000008006bf8                __libc_init_array
 .text.malloc   0x0000000008006c40       0x10 /home/light/.platformio/packages/toolchain-gccarmnoneeabi/bin/../lib/gcc/arm-none-eabi/7.2.1/../../../../arm-none-eabi/lib/thumb/v7e-m/libc_nano.a(lib_a-malloc.o)
                0x0000000008006c40                malloc
 .text.memcpy   0x0000000008006c50       0x16 /home/light/.platformio/packages/toolchain-gccarmnoneeabi/bin/../lib/gcc/arm-none-eabi/7.2.1/../../../../arm-none-eabi/lib/thumb/v7e-m/libc_nano.a(lib_a-memcpy-stub.o)
                0x0000000008006c50                memcpy
 .text.memset   0x0000000008006c66       0x10 /home/light/.platformio/packages/toolchain-gccarmnoneeabi/bin/../lib/gcc/arm-none-eabi/7.2.1/../../../../arm-none-eabi/lib/thumb/v7e-m/libc_nano.a(lib_a-memset.o)
                0x0000000008006c66                memset
 *fill*         0x0000000008006c76        0x2 
 .text._free_r  0x0000000008006c78       0x9c /home/light/.platformio/packages/toolchain-gccarmnoneeabi/bin/../lib/gcc/arm-none-eabi/7.2.1/../../../../arm-none-eabi/lib/thumb/v7e-m/libc_nano.a(lib_a-nano-freer.o)
                0x0000000008006c78                _free_r
 .text._malloc_r
                0x0000000008006d14       0xb4 /home/light/.platformio/packages/toolchain-gccarmnoneeabi/bin/../lib/gcc/arm-none-eabi/7.2.1/../../../../arm-none-eabi/lib/thumb/v7e-m/libc_nano.a(lib_a-nano-mallocr.o)
                0x0000000008006d14                _malloc_r
 .text.__cvt    0x0000000008006dc8       0xb8 /home/light/.platformio/packages/toolchain-gccarmnoneeabi/bin/../lib/gcc/arm-none-eabi/7.2.1/../../../../arm-none-eabi/lib/thumb/v7e-m/libc_nano.a(lib_a-nano-vfprintf_float.o)
                0x0000000008006dc8                __cvt
 .text.__exponent
                0x0000000008006e80       0x66 /home/light/.platformio/packages/toolchain-gccarmnoneeabi/bin/../lib/gcc/arm-none-eabi/7.2.1/../../../../arm-none-eabi/lib/thumb/v7e-m/libc_nano.a(lib_a-nano-vfprintf_float.o)
                0x0000000008006e80                __exponent
 *fill*         0x0000000008006ee6        0x2 
 .text._printf_float
                0x0000000008006ee8      0x46c /home/light/.platformio/packages/toolchain-gccarmnoneeabi/bin/../lib/gcc/arm-none-eabi/7.2.1/../../../../arm-none-eabi/lib/thumb/v7e-m/libc_nano.a(lib_a-nano-vfprintf_float.o)
                0x0000000008006ee8                _printf_float
 .text._printf_common
                0x0000000008007354       0xea /home/light/.platformio/packages/toolchain-gccarmnoneeabi/bin/../lib/gcc/arm-none-eabi/7.2.1/../../../../arm-none-eabi/lib/thumb/v7e-m/libc_nano.a(lib_a-nano-vfprintf_i.o)
                0x0000000008007354                _printf_common
 *fill*         0x000000000800743e        0x2 
 .text._printf_i
                0x0000000008007440      0x224 /home/light/.platformio/packages/toolchain-gccarmnoneeabi/bin/../lib/gcc/arm-none-eabi/7.2.1/../../../../arm-none-eabi/lib/thumb/v7e-m/libc_nano.a(lib_a-nano-vfprintf_i.o)
                0x0000000008007440                _printf_i
 .text.printf   0x0000000008007664       0x30 /home/light/.platformio/packages/toolchain-gccarmnoneeabi/bin/../lib/gcc/arm-none-eabi/7.2.1/../../../../arm-none-eabi/lib/thumb/v7e-m/libc_nano.a(lib_a-printf.o)
                0x0000000008007664                printf
                0x0000000008007664                iprintf
 .text._puts_r  0x0000000008007694       0xb8 /home/light/.platformio/packages/toolchain-gccarmnoneeabi/bin/../lib/gcc/arm-none-eabi/7.2.1/../../../../arm-none-eabi/lib/thumb/v7e-m/libc_nano.a(lib_a-puts.o)
                0x0000000008007694                _puts_r
 .text.puts     0x000000000800774c       0x10 /home/light/.platformio/packages/toolchain-gccarmnoneeabi/bin/../lib/gcc/arm-none-eabi/7.2.1/../../../../arm-none-eabi/lib/thumb/v7e-m/libc_nano.a(lib_a-puts.o)
                0x000000000800774c                puts
 .text._sbrk_r  0x000000000800775c       0x20 /home/light/.platformio/packages/toolchain-gccarmnoneeabi/bin/../lib/gcc/arm-none-eabi/7.2.1/../../../../arm-none-eabi/lib/thumb/v7e-m/libc_nano.a(lib_a-sbrkr.o)
                0x000000000800775c                _sbrk_r
 .text.__swbuf_r
                0x000000000800777c       0xa4 /home/light/.platformio/packages/toolchain-gccarmnoneeabi/bin/../lib/gcc/arm-none-eabi/7.2.1/../../../../arm-none-eabi/lib/thumb/v7e-m/libc_nano.a(lib_a-wbuf.o)
                0x000000000800777c                __swbuf_r
 .text.__swsetup_r
                0x0000000008007820       0xdc /home/light/.platformio/packages/toolchain-gccarmnoneeabi/bin/../lib/gcc/arm-none-eabi/7.2.1/../../../../arm-none-eabi/lib/thumb/v7e-m/libc_nano.a(lib_a-wsetup.o)
                0x0000000008007820                __swsetup_r
 .text.quorem   0x00000000080078fc      0x118 /home/light/.platformio/packages/toolchain-gccarmnoneeabi/bin/../lib/gcc/arm-none-eabi/7.2.1/../../../../arm-none-eabi/lib/thumb/v7e-m/libc_nano.a(lib_a-dtoa.o)
 *fill*         0x0000000008007a14        0x4 
 .text._dtoa_r  0x0000000008007a18      0xb74 /home/light/.platformio/packages/toolchain-gccarmnoneeabi/bin/../lib/gcc/arm-none-eabi/7.2.1/../../../../arm-none-eabi/lib/thumb/v7e-m/libc_nano.a(lib_a-dtoa.o)
                0x0000000008007a18                _dtoa_r
 .text.__sflush_r
                0x000000000800858c      0x10c /home/light/.platformio/packages/toolchain-gccarmnoneeabi/bin/../lib/gcc/arm-none-eabi/7.2.1/../../../../arm-none-eabi/lib/thumb/v7e-m/libc_nano.a(lib_a-fflush.o)
                0x000000000800858c                __sflush_r
 .text._fflush_r
                0x0000000008008698       0x54 /home/light/.platformio/packages/toolchain-gccarmnoneeabi/bin/../lib/gcc/arm-none-eabi/7.2.1/../../../../arm-none-eabi/lib/thumb/v7e-m/libc_nano.a(lib_a-fflush.o)
                0x0000000008008698                _fflush_r
 .text.std      0x00000000080086ec       0x48 /home/light/.platformio/packages/toolchain-gccarmnoneeabi/bin/../lib/gcc/arm-none-eabi/7.2.1/../../../../arm-none-eabi/lib/thumb/v7e-m/libc_nano.a(lib_a-findfp.o)
 .text._cleanup_r
                0x0000000008008734        0xc /home/light/.platformio/packages/toolchain-gccarmnoneeabi/bin/../lib/gcc/arm-none-eabi/7.2.1/../../../../arm-none-eabi/lib/thumb/v7e-m/libc_nano.a(lib_a-findfp.o)
                0x0000000008008734                _cleanup_r
 .text.__sfmoreglue
                0x0000000008008740       0x2c /home/light/.platformio/packages/toolchain-gccarmnoneeabi/bin/../lib/gcc/arm-none-eabi/7.2.1/../../../../arm-none-eabi/lib/thumb/v7e-m/libc_nano.a(lib_a-findfp.o)
                0x0000000008008740                __sfmoreglue
 .text.__sinit  0x000000000800876c       0x60 /home/light/.platformio/packages/toolchain-gccarmnoneeabi/bin/../lib/gcc/arm-none-eabi/7.2.1/../../../../arm-none-eabi/lib/thumb/v7e-m/libc_nano.a(lib_a-findfp.o)
                0x000000000800876c                __sinit
 .text.__sfp    0x00000000080087cc       0x78 /home/light/.platformio/packages/toolchain-gccarmnoneeabi/bin/../lib/gcc/arm-none-eabi/7.2.1/../../../../arm-none-eabi/lib/thumb/v7e-m/libc_nano.a(lib_a-findfp.o)
                0x00000000080087cc                __sfp
 .text._fwalk_reent
                0x0000000008008844       0x3c /home/light/.platformio/packages/toolchain-gccarmnoneeabi/bin/../lib/gcc/arm-none-eabi/7.2.1/../../../../arm-none-eabi/lib/thumb/v7e-m/libc_nano.a(lib_a-fwalk.o)
                0x0000000008008844                _fwalk_reent
 .text._localeconv_r
                0x0000000008008880       0x1c /home/light/.platformio/packages/toolchain-gccarmnoneeabi/bin/../lib/gcc/arm-none-eabi/7.2.1/../../../../arm-none-eabi/lib/thumb/v7e-m/libc_nano.a(lib_a-localeconv.o)
                0x0000000008008880                _localeconv_r
 .text.__swhatbuf_r
                0x000000000800889c       0x48 /home/light/.platformio/packages/toolchain-gccarmnoneeabi/bin/../lib/gcc/arm-none-eabi/7.2.1/../../../../arm-none-eabi/lib/thumb/v7e-m/libc_nano.a(lib_a-makebuf.o)
                0x000000000800889c                __swhatbuf_r
 .text.__smakebuf_r
                0x00000000080088e4       0x80 /home/light/.platformio/packages/toolchain-gccarmnoneeabi/bin/../lib/gcc/arm-none-eabi/7.2.1/../../../../arm-none-eabi/lib/thumb/v7e-m/libc_nano.a(lib_a-makebuf.o)
                0x00000000080088e4                __smakebuf_r
 .text.__malloc_lock
                0x0000000008008964        0x2 /home/light/.platformio/packages/toolchain-gccarmnoneeabi/bin/../lib/gcc/arm-none-eabi/7.2.1/../../../../arm-none-eabi/lib/thumb/v7e-m/libc_nano.a(lib_a-mlock.o)
                0x0000000008008964                __malloc_lock
 .text.__malloc_unlock
                0x0000000008008966        0x2 /home/light/.platformio/packages/toolchain-gccarmnoneeabi/bin/../lib/gcc/arm-none-eabi/7.2.1/../../../../arm-none-eabi/lib/thumb/v7e-m/libc_nano.a(lib_a-mlock.o)
                0x0000000008008966                __malloc_unlock
 .text._Balloc  0x0000000008008968       0x68 /home/light/.platformio/packages/toolchain-gccarmnoneeabi/bin/../lib/gcc/arm-none-eabi/7.2.1/../../../../arm-none-eabi/lib/thumb/v7e-m/libc_nano.a(lib_a-mprec.o)
                0x0000000008008968                _Balloc
 .text._Bfree   0x00000000080089d0       0x2e /home/light/.platformio/packages/toolchain-gccarmnoneeabi/bin/../lib/gcc/arm-none-eabi/7.2.1/../../../../arm-none-eabi/lib/thumb/v7e-m/libc_nano.a(lib_a-mprec.o)
                0x00000000080089d0                _Bfree
 .text.__multadd
                0x00000000080089fe       0x76 /home/light/.platformio/packages/toolchain-gccarmnoneeabi/bin/../lib/gcc/arm-none-eabi/7.2.1/../../../../arm-none-eabi/lib/thumb/v7e-m/libc_nano.a(lib_a-mprec.o)
                0x00000000080089fe                __multadd
 .text.__hi0bits
                0x0000000008008a74       0x3e /home/light/.platformio/packages/toolchain-gccarmnoneeabi/bin/../lib/gcc/arm-none-eabi/7.2.1/../../../../arm-none-eabi/lib/thumb/v7e-m/libc_nano.a(lib_a-mprec.o)
                0x0000000008008a74                __hi0bits
 .text.__lo0bits
                0x0000000008008ab2       0x5e /home/light/.platformio/packages/toolchain-gccarmnoneeabi/bin/../lib/gcc/arm-none-eabi/7.2.1/../../../../arm-none-eabi/lib/thumb/v7e-m/libc_nano.a(lib_a-mprec.o)
                0x0000000008008ab2                __lo0bits
 .text.__i2b    0x0000000008008b10       0x12 /home/light/.platformio/packages/toolchain-gccarmnoneeabi/bin/../lib/gcc/arm-none-eabi/7.2.1/../../../../arm-none-eabi/lib/thumb/v7e-m/libc_nano.a(lib_a-mprec.o)
                0x0000000008008b10                __i2b
 .text.__multiply
                0x0000000008008b22      0x12c /home/light/.platformio/packages/toolchain-gccarmnoneeabi/bin/../lib/gcc/arm-none-eabi/7.2.1/../../../../arm-none-eabi/lib/thumb/v7e-m/libc_nano.a(lib_a-mprec.o)
                0x0000000008008b22                __multiply
 *fill*         0x0000000008008c4e        0x2 
 .text.__pow5mult
                0x0000000008008c50       0x9c /home/light/.platformio/packages/toolchain-gccarmnoneeabi/bin/../lib/gcc/arm-none-eabi/7.2.1/../../../../arm-none-eabi/lib/thumb/v7e-m/libc_nano.a(lib_a-mprec.o)
                0x0000000008008c50                __pow5mult
 .text.__lshift
                0x0000000008008cec       0xa8 /home/light/.platformio/packages/toolchain-gccarmnoneeabi/bin/../lib/gcc/arm-none-eabi/7.2.1/../../../../arm-none-eabi/lib/thumb/v7e-m/libc_nano.a(lib_a-mprec.o)
                0x0000000008008cec                __lshift
 .text.__mcmp   0x0000000008008d94       0x34 /home/light/.platformio/packages/toolchain-gccarmnoneeabi/bin/../lib/gcc/arm-none-eabi/7.2.1/../../../../arm-none-eabi/lib/thumb/v7e-m/libc_nano.a(lib_a-mprec.o)
                0x0000000008008d94                __mcmp
 .text.__mdiff  0x0000000008008dc8       0xba /home/light/.platformio/packages/toolchain-gccarmnoneeabi/bin/../lib/gcc/arm-none-eabi/7.2.1/../../../../arm-none-eabi/lib/thumb/v7e-m/libc_nano.a(lib_a-mprec.o)
                0x0000000008008dc8                __mdiff
 .text.__d2b    0x0000000008008e82       0x9e /home/light/.platformio/packages/toolchain-gccarmnoneeabi/bin/../lib/gcc/arm-none-eabi/7.2.1/../../../../arm-none-eabi/lib/thumb/v7e-m/libc_nano.a(lib_a-mprec.o)
                0x0000000008008e82                __d2b
 .text._calloc_r
                0x0000000008008f20       0x1c /home/light/.platformio/packages/toolchain-gccarmnoneeabi/bin/../lib/gcc/arm-none-eabi/7.2.1/../../../../arm-none-eabi/lib/thumb/v7e-m/libc_nano.a(lib_a-nano-callocr.o)
                0x0000000008008f20                _calloc_r
 .text.__sfputc_r
                0x0000000008008f3c       0x2a /home/light/.platformio/packages/toolchain-gccarmnoneeabi/bin/../lib/gcc/arm-none-eabi/7.2.1/../../../../arm-none-eabi/lib/thumb/v7e-m/libc_nano.a(lib_a-nano-vfprintf.o)
 .text.__sfputs_r
                0x0000000008008f66       0x24 /home/light/.platformio/packages/toolchain-gccarmnoneeabi/bin/../lib/gcc/arm-none-eabi/7.2.1/../../../../arm-none-eabi/lib/thumb/v7e-m/libc_nano.a(lib_a-nano-vfprintf.o)
                0x0000000008008f66                __sfputs_r
 *fill*         0x0000000008008f8a        0x2 
 .text._vfprintf_r
                0x0000000008008f8c      0x228 /home/light/.platformio/packages/toolchain-gccarmnoneeabi/bin/../lib/gcc/arm-none-eabi/7.2.1/../../../../arm-none-eabi/lib/thumb/v7e-m/libc_nano.a(lib_a-nano-vfprintf.o)
                0x0000000008008f8c                _vfiprintf_r
                0x0000000008008f8c                _vfprintf_r
 .text.__sread  0x00000000080091b4       0x22 /home/light/.platformio/packages/toolchain-gccarmnoneeabi/bin/../lib/gcc/arm-none-eabi/7.2.1/../../../../arm-none-eabi/lib/thumb/v7e-m/libc_nano.a(lib_a-stdio.o)
                0x00000000080091b4                __sread
 .text.__swrite
                0x00000000080091d6       0x38 /home/light/.platformio/packages/toolchain-gccarmnoneeabi/bin/../lib/gcc/arm-none-eabi/7.2.1/../../../../arm-none-eabi/lib/thumb/v7e-m/libc_nano.a(lib_a-stdio.o)
                0x00000000080091d6                __swrite
 .text.__sseek  0x000000000800920e       0x24 /home/light/.platformio/packages/toolchain-gccarmnoneeabi/bin/../lib/gcc/arm-none-eabi/7.2.1/../../../../arm-none-eabi/lib/thumb/v7e-m/libc_nano.a(lib_a-stdio.o)
                0x000000000800920e                __sseek
 .text.__sclose
                0x0000000008009232        0x8 /home/light/.platformio/packages/toolchain-gccarmnoneeabi/bin/../lib/gcc/arm-none-eabi/7.2.1/../../../../arm-none-eabi/lib/thumb/v7e-m/libc_nano.a(lib_a-stdio.o)
                0x0000000008009232                __sclose
 *fill*         0x000000000800923a        0x2 
 .text._write_r
                0x000000000800923c       0x24 /home/light/.platformio/packages/toolchain-gccarmnoneeabi/bin/../lib/gcc/arm-none-eabi/7.2.1/../../../../arm-none-eabi/lib/thumb/v7e-m/libc_nano.a(lib_a-writer.o)
                0x000000000800923c                _write_r
 .text._close_r
                0x0000000008009260       0x20 /home/light/.platformio/packages/toolchain-gccarmnoneeabi/bin/../lib/gcc/arm-none-eabi/7.2.1/../../../../arm-none-eabi/lib/thumb/v7e-m/libc_nano.a(lib_a-closer.o)
                0x0000000008009260                _close_r
 .text._fstat_r
                0x0000000008009280       0x24 /home/light/.platformio/packages/toolchain-gccarmnoneeabi/bin/../lib/gcc/arm-none-eabi/7.2.1/../../../../arm-none-eabi/lib/thumb/v7e-m/libc_nano.a(lib_a-fstatr.o)
                0x0000000008009280                _fstat_r
 .text._isatty_r
                0x00000000080092a4       0x20 /home/light/.platformio/packages/toolchain-gccarmnoneeabi/bin/../lib/gcc/arm-none-eabi/7.2.1/../../../../arm-none-eabi/lib/thumb/v7e-m/libc_nano.a(lib_a-isattyr.o)
                0x00000000080092a4                _isatty_r
 .text._lseek_r
                0x00000000080092c4       0x24 /home/light/.platformio/packages/toolchain-gccarmnoneeabi/bin/../lib/gcc/arm-none-eabi/7.2.1/../../../../arm-none-eabi/lib/thumb/v7e-m/libc_nano.a(lib_a-lseekr.o)
                0x00000000080092c4                _lseek_r
 .text.__ascii_mbtowc
                0x00000000080092e8       0x24 /home/light/.platformio/packages/toolchain-gccarmnoneeabi/bin/../lib/gcc/arm-none-eabi/7.2.1/../../../../arm-none-eabi/lib/thumb/v7e-m/libc_nano.a(lib_a-mbtowc_r.o)
                0x00000000080092e8                __ascii_mbtowc
 .text._read_r  0x000000000800930c       0x24 /home/light/.platformio/packages/toolchain-gccarmnoneeabi/bin/../lib/gcc/arm-none-eabi/7.2.1/../../../../arm-none-eabi/lib/thumb/v7e-m/libc_nano.a(lib_a-readr.o)
                0x000000000800930c                _read_r
 .text.__ascii_wctomb
                0x0000000008009330       0x1a /home/light/.platformio/packages/toolchain-gccarmnoneeabi/bin/../lib/gcc/arm-none-eabi/7.2.1/../../../../arm-none-eabi/lib/thumb/v7e-m/libc_nano.a(lib_a-wctomb_r.o)
                0x0000000008009330                __ascii_wctomb
 *fill*         0x000000000800934a        0x2 
 .text._close   0x000000000800934c       0x10 /home/light/.platformio/packages/toolchain-gccarmnoneeabi/bin/../lib/gcc/arm-none-eabi/7.2.1/../../../../arm-none-eabi/lib/thumb/v7e-m/libnosys.a(close.o)
                0x000000000800934c                _close
 .text._fstat   0x000000000800935c       0x10 /home/light/.platformio/packages/toolchain-gccarmnoneeabi/bin/../lib/gcc/arm-none-eabi/7.2.1/../../../../arm-none-eabi/lib/thumb/v7e-m/libnosys.a(fstat.o)
                0x000000000800935c                _fstat
 .text._isatty  0x000000000800936c       0x10 /home/light/.platformio/packages/toolchain-gccarmnoneeabi/bin/../lib/gcc/arm-none-eabi/7.2.1/../../../../arm-none-eabi/lib/thumb/v7e-m/libnosys.a(isatty.o)
                0x000000000800936c                _isatty
 .text._lseek   0x000000000800937c       0x10 /home/light/.platformio/packages/toolchain-gccarmnoneeabi/bin/../lib/gcc/arm-none-eabi/7.2.1/../../../../arm-none-eabi/lib/thumb/v7e-m/libnosys.a(lseek.o)
                0x000000000800937c                _lseek
 .text._read    0x000000000800938c       0x10 /home/light/.platformio/packages/toolchain-gccarmnoneeabi/bin/../lib/gcc/arm-none-eabi/7.2.1/../../../../arm-none-eabi/lib/thumb/v7e-m/libnosys.a(read.o)
                0x000000000800938c                _read
 .text._sbrk    0x000000000800939c       0x1c /home/light/.platformio/packages/toolchain-gccarmnoneeabi/bin/../lib/gcc/arm-none-eabi/7.2.1/../../../../arm-none-eabi/lib/thumb/v7e-m/libnosys.a(sbrk.o)
                0x000000000800939c                _sbrk
 *(.glue_7)
 .glue_7        0x00000000080093b8        0x0 linker stubs
 *(.glue_7t)
 .glue_7t       0x00000000080093b8        0x0 linker stubs
 *(.eh_frame)
 .eh_frame      0x00000000080093b8        0x0 /home/light/.platformio/packages/toolchain-gccarmnoneeabi/bin/../lib/gcc/arm-none-eabi/7.2.1/thumb/v7e-m/crtbegin.o
 *(.init)
 .init          0x00000000080093b8        0x4 /home/light/.platformio/packages/toolchain-gccarmnoneeabi/bin/../lib/gcc/arm-none-eabi/7.2.1/thumb/v7e-m/crti.o
                0x00000000080093b8                _init
 .init          0x00000000080093bc        0x8 /home/light/.platformio/packages/toolchain-gccarmnoneeabi/bin/../lib/gcc/arm-none-eabi/7.2.1/thumb/v7e-m/crtn.o
 *(.fini)
 .fini          0x00000000080093c4        0x4 /home/light/.platformio/packages/toolchain-gccarmnoneeabi/bin/../lib/gcc/arm-none-eabi/7.2.1/thumb/v7e-m/crti.o
                0x00000000080093c4                _fini
 .fini          0x00000000080093c8        0x8 /home/light/.platformio/packages/toolchain-gccarmnoneeabi/bin/../lib/gcc/arm-none-eabi/7.2.1/thumb/v7e-m/crtn.o
                0x00000000080093d0                . = ALIGN (0x4)
                0x00000000080093d0                _etext = .

.vfp11_veneer   0x00000000080093d0        0x0
 .vfp11_veneer  0x00000000080093d0        0x0 linker stubs

.v4_bx          0x00000000080093d0        0x0
 .v4_bx         0x00000000080093d0        0x0 linker stubs

.iplt           0x00000000080093d0        0x0
 .iplt          0x00000000080093d0        0x0 /home/light/.platformio/packages/toolchain-gccarmnoneeabi/bin/../lib/gcc/arm-none-eabi/7.2.1/thumb/v7e-m/crtbegin.o

.rodata         0x00000000080093d0      0x5a0
                0x00000000080093d0                . = ALIGN (0x4)
 *(.rodata)
 .rodata        0x00000000080093d0       0x32 .pio/build/weact_mini_h750vbtx/src/Core/Src/main.o
 *(.rodata*)
 *fill*         0x0000000008009402        0x2 
 .rodata.main.str1.4
                0x0000000008009404       0x35 .pio/build/weact_mini_h750vbtx/src/Core/Src/main.o
 *fill*         0x0000000008009439        0x3 
 .rodata.D1CorePrescTable
                0x000000000800943c       0x10 .pio/build/weact_mini_h750vbtx/src/Core/Src/system_stm32h7xx.o
                0x000000000800943c                D1CorePrescTable
 .rodata.JPEG_ACCHROM_HuffTable
                0x000000000800944c       0xb2 .pio/build/weact_mini_h750vbtx/src/Drivers/STM32H7xx_HAL_Driver/Src/stm32h7xx_hal_jpeg.o
 *fill*         0x00000000080094fe        0x2 
 .rodata.JPEG_ACLUM_HuffTable
                0x0000000008009500       0xb2 .pio/build/weact_mini_h750vbtx/src/Drivers/STM32H7xx_HAL_Driver/Src/stm32h7xx_hal_jpeg.o
 *fill*         0x00000000080095b2        0x2 
 .rodata.JPEG_CHROM_QuantTable.10718
                0x00000000080095b4       0x40 .pio/build/weact_mini_h750vbtx/src/Drivers/STM32H7xx_HAL_Driver/Src/stm32h7xx_hal_jpeg.o
 .rodata.JPEG_DCCHROM_HuffTable
                0x00000000080095f4       0x1c .pio/build/weact_mini_h750vbtx/src/Drivers/STM32H7xx_HAL_Driver/Src/stm32h7xx_hal_jpeg.o
 .rodata.JPEG_DCLUM_HuffTable
                0x0000000008009610       0x1c .pio/build/weact_mini_h750vbtx/src/Drivers/STM32H7xx_HAL_Driver/Src/stm32h7xx_hal_jpeg.o
 .rodata.JPEG_LUM_QuantTable.10717
                0x000000000800962c       0x40 .pio/build/weact_mini_h750vbtx/src/Drivers/STM32H7xx_HAL_Driver/Src/stm32h7xx_hal_jpeg.o
 .rodata.UARTPrescTable
                0x000000000800966c       0x18 .pio/build/weact_mini_h750vbtx/src/Drivers/STM32H7xx_HAL_Driver/Src/stm32h7xx_hal_uart.o
                0x000000000800966c                UARTPrescTable
 .rodata.denominator.10737
                0x0000000008009684        0x8 .pio/build/weact_mini_h750vbtx/src/Drivers/STM32H7xx_HAL_Driver/Src/stm32h7xx_hal_uart_ex.o
 .rodata.numerator.10736
                0x000000000800968c        0x8 .pio/build/weact_mini_h750vbtx/src/Drivers/STM32H7xx_HAL_Driver/Src/stm32h7xx_hal_uart_ex.o
 .rodata.NORFLASH_Init.str1.4
                0x0000000008009694        0x8 .pio/build/weact_mini_h750vbtx/libe66/libNORFLASH.a(norflash.o)
 .rodata.NORFLASH_Qspi_Enable.str1.4
                0x000000000800969c       0x10 .pio/build/weact_mini_h750vbtx/libe66/libNORFLASH.a(norflash.o)
                                          0xd (size before relaxing)
 .rodata._global_impure_ptr
                0x00000000080096ac        0x4 /home/light/.platformio/packages/toolchain-gccarmnoneeabi/bin/../lib/gcc/arm-none-eabi/7.2.1/../../../../arm-none-eabi/lib/thumb/v7e-m/libc_nano.a(lib_a-impure.o)
                0x00000000080096ac                _global_impure_ptr
 .rodata._printf_float.str1.1
                0x00000000080096b0       0x12 /home/light/.platformio/packages/toolchain-gccarmnoneeabi/bin/../lib/gcc/arm-none-eabi/7.2.1/../../../../arm-none-eabi/lib/thumb/v7e-m/libc_nano.a(lib_a-nano-vfprintf_float.o)
 .rodata._printf_i.str1.1
                0x00000000080096c2       0x22 /home/light/.platformio/packages/toolchain-gccarmnoneeabi/bin/../lib/gcc/arm-none-eabi/7.2.1/../../../../arm-none-eabi/lib/thumb/v7e-m/libc_nano.a(lib_a-nano-vfprintf_i.o)
 .rodata._dtoa_r.str1.1
                0x00000000080096e4        0xd /home/light/.platformio/packages/toolchain-gccarmnoneeabi/bin/../lib/gcc/arm-none-eabi/7.2.1/../../../../arm-none-eabi/lib/thumb/v7e-m/libc_nano.a(lib_a-dtoa.o)
                                          0xf (size before relaxing)
 *fill*         0x00000000080096f1        0x3 
 .rodata.__sf_fake_stderr
                0x00000000080096f4       0x20 /home/light/.platformio/packages/toolchain-gccarmnoneeabi/bin/../lib/gcc/arm-none-eabi/7.2.1/../../../../arm-none-eabi/lib/thumb/v7e-m/libc_nano.a(lib_a-findfp.o)
                0x00000000080096f4                __sf_fake_stderr
 .rodata.__sf_fake_stdin
                0x0000000008009714       0x20 /home/light/.platformio/packages/toolchain-gccarmnoneeabi/bin/../lib/gcc/arm-none-eabi/7.2.1/../../../../arm-none-eabi/lib/thumb/v7e-m/libc_nano.a(lib_a-findfp.o)
                0x0000000008009714                __sf_fake_stdin
 .rodata.__sf_fake_stdout
                0x0000000008009734       0x20 /home/light/.platformio/packages/toolchain-gccarmnoneeabi/bin/../lib/gcc/arm-none-eabi/7.2.1/../../../../arm-none-eabi/lib/thumb/v7e-m/libc_nano.a(lib_a-findfp.o)
                0x0000000008009734                __sf_fake_stdout
 *fill*         0x0000000008009754        0x4 
 .rodata.__mprec_bigtens
                0x0000000008009758       0x28 /home/light/.platformio/packages/toolchain-gccarmnoneeabi/bin/../lib/gcc/arm-none-eabi/7.2.1/../../../../arm-none-eabi/lib/thumb/v7e-m/libc_nano.a(lib_a-mprec.o)
                0x0000000008009758                __mprec_bigtens
 .rodata.__mprec_tens
                0x0000000008009780       0xc8 /home/light/.platformio/packages/toolchain-gccarmnoneeabi/bin/../lib/gcc/arm-none-eabi/7.2.1/../../../../arm-none-eabi/lib/thumb/v7e-m/libc_nano.a(lib_a-mprec.o)
                0x0000000008009780                __mprec_tens
 .rodata.p05.6084
                0x0000000008009848        0xc /home/light/.platformio/packages/toolchain-gccarmnoneeabi/bin/../lib/gcc/arm-none-eabi/7.2.1/../../../../arm-none-eabi/lib/thumb/v7e-m/libc_nano.a(lib_a-mprec.o)
 .rodata._vfprintf_r.str1.1
                0x0000000008009854       0x11 /home/light/.platformio/packages/toolchain-gccarmnoneeabi/bin/../lib/gcc/arm-none-eabi/7.2.1/../../../../arm-none-eabi/lib/thumb/v7e-m/libc_nano.a(lib_a-nano-vfprintf.o)
 .rodata._setlocale_r.str1.1
                0x0000000008009865        0x8 /home/light/.platformio/packages/toolchain-gccarmnoneeabi/bin/../lib/gcc/arm-none-eabi/7.2.1/../../../../arm-none-eabi/lib/thumb/v7e-m/libc_nano.a(lib_a-locale.o)
                                          0x9 (size before relaxing)
 .rodata.str1.1
                0x000000000800986d        0x2 /home/light/.platformio/packages/toolchain-gccarmnoneeabi/bin/../lib/gcc/arm-none-eabi/7.2.1/../../../../arm-none-eabi/lib/thumb/v7e-m/libc_nano.a(lib_a-locale.o)
 .rodata._ctype_
                0x000000000800986f      0x101 /home/light/.platformio/packages/toolchain-gccarmnoneeabi/bin/../lib/gcc/arm-none-eabi/7.2.1/../../../../arm-none-eabi/lib/thumb/v7e-m/libc_nano.a(lib_a-ctype_.o)
                0x000000000800986f                _ctype_
                0x0000000008009970                . = ALIGN (0x4)

.ARM.extab
 *(.ARM.extab* .gnu.linkonce.armextab.*)

.ARM            0x0000000008009970        0x8
                0x0000000008009970                __exidx_start = .
 *(.ARM.exidx*)
 .ARM.exidx     0x0000000008009970        0x8 /home/light/.platformio/packages/toolchain-gccarmnoneeabi/bin/../lib/gcc/arm-none-eabi/7.2.1/thumb/v7e-m/libgcc.a(_udivmoddi4.o)
                0x0000000008009978                __exidx_end = .

.rel.dyn        0x0000000008009978        0x0
 .rel.iplt      0x0000000008009978        0x0 /home/light/.platformio/packages/toolchain-gccarmnoneeabi/bin/../lib/gcc/arm-none-eabi/7.2.1/thumb/v7e-m/crtbegin.o

.preinit_array  0x0000000008009978        0x0
                0x0000000008009978                PROVIDE (__preinit_array_start, .)
 *(.preinit_array*)
                0x0000000008009978                PROVIDE (__preinit_array_end, .)

.init_array     0x0000000008009978        0x4
                0x0000000008009978                PROVIDE (__init_array_start, .)
 *(SORT_BY_NAME(.init_array.*))
 *(.init_array*)
 .init_array    0x0000000008009978        0x4 /home/light/.platformio/packages/toolchain-gccarmnoneeabi/bin/../lib/gcc/arm-none-eabi/7.2.1/thumb/v7e-m/crtbegin.o
                0x000000000800997c                PROVIDE (__init_array_end, .)

.fini_array     0x000000000800997c        0x4
                [!provide]                        PROVIDE (__fini_array_start, .)
 *(SORT_BY_NAME(.fini_array.*))
 *(.fini_array*)
 .fini_array    0x000000000800997c        0x4 /home/light/.platformio/packages/toolchain-gccarmnoneeabi/bin/../lib/gcc/arm-none-eabi/7.2.1/thumb/v7e-m/crtbegin.o
                [!provide]                        PROVIDE (__fini_array_end, .)
                0x0000000008009980                _sidata = LOADADDR (.data)

.data           0x0000000020000000      0x1e4 load address 0x0000000008009980
                0x0000000020000000                . = ALIGN (0x4)
                0x0000000020000000                _sdata = .
 *(.data)
 *(.data*)
 .data.SystemCoreClock
                0x0000000020000000        0x4 .pio/build/weact_mini_h750vbtx/src/Core/Src/system_stm32h7xx.o
                0x0000000020000000                SystemCoreClock
 .data.SystemD2Clock
                0x0000000020000004        0x4 .pio/build/weact_mini_h750vbtx/src/Core/Src/system_stm32h7xx.o
                0x0000000020000004                SystemD2Clock
 .data.uwTickFreq
                0x0000000020000008        0x1 .pio/build/weact_mini_h750vbtx/src/Drivers/STM32H7xx_HAL_Driver/Src/stm32h7xx_hal.o
                0x0000000020000008                uwTickFreq
 *fill*         0x0000000020000009        0x3 
 .data.uwTickPrio
                0x000000002000000c        0x4 .pio/build/weact_mini_h750vbtx/src/Drivers/STM32H7xx_HAL_Driver/Src/stm32h7xx_hal.o
                0x000000002000000c                uwTickPrio
 .data.NORFLASH_TYPE
                0x0000000020000010        0x2 .pio/build/weact_mini_h750vbtx/libe66/libNORFLASH.a(norflash.o)
                0x0000000020000010                NORFLASH_TYPE
 *fill*         0x0000000020000012        0x2 
 .data._impure_ptr
                0x0000000020000014        0x4 /home/light/.platformio/packages/toolchain-gccarmnoneeabi/bin/../lib/gcc/arm-none-eabi/7.2.1/../../../../arm-none-eabi/lib/thumb/v7e-m/libc_nano.a(lib_a-impure.o)
                0x0000000020000014                _impure_ptr
 .data.impure_data
                0x0000000020000018       0x60 /home/light/.platformio/packages/toolchain-gccarmnoneeabi/bin/../lib/gcc/arm-none-eabi/7.2.1/../../../../arm-none-eabi/lib/thumb/v7e-m/libc_nano.a(lib_a-impure.o)
 .data.__global_locale
                0x0000000020000078      0x16c /home/light/.platformio/packages/toolchain-gccarmnoneeabi/bin/../lib/gcc/arm-none-eabi/7.2.1/../../../../arm-none-eabi/lib/thumb/v7e-m/libc_nano.a(lib_a-locale.o)
                0x0000000020000078                __global_locale
                0x00000000200001e4                . = ALIGN (0x4)
                0x00000000200001e4                _edata = .

.igot.plt       0x00000000200001e4        0x0 load address 0x0000000008009b64
 .igot.plt      0x00000000200001e4        0x0 /home/light/.platformio/packages/toolchain-gccarmnoneeabi/bin/../lib/gcc/arm-none-eabi/7.2.1/thumb/v7e-m/crtbegin.o
                0x00000000200001e4                . = ALIGN (0x4)

.bss            0x00000000200001e4     0x1340 load address 0x0000000008009b64
                0x00000000200001e4                _sbss = .
                0x00000000200001e4                __bss_start__ = _sbss
 *(.bss)
 .bss           0x00000000200001e4       0x1c /home/light/.platformio/packages/toolchain-gccarmnoneeabi/bin/../lib/gcc/arm-none-eabi/7.2.1/thumb/v7e-m/crtbegin.o
 *(.bss*)
 .bss.FMC_Initialized
                0x0000000020000200        0x4 .pio/build/weact_mini_h750vbtx/src/Core/Src/fmc.o
 .bss.NORFLASH_QPI_MODE
                0x0000000020000204        0x1 .pio/build/weact_mini_h750vbtx/libe66/libNORFLASH.a(norflash.o)
                0x0000000020000204                NORFLASH_QPI_MODE
 *fill*         0x0000000020000205        0x3 
 .bss.__malloc_free_list
                0x0000000020000208        0x4 /home/light/.platformio/packages/toolchain-gccarmnoneeabi/bin/../lib/gcc/arm-none-eabi/7.2.1/../../../../arm-none-eabi/lib/thumb/v7e-m/libc_nano.a(lib_a-nano-mallocr.o)
                0x0000000020000208                __malloc_free_list
 .bss.__malloc_sbrk_start
                0x000000002000020c        0x4 /home/light/.platformio/packages/toolchain-gccarmnoneeabi/bin/../lib/gcc/arm-none-eabi/7.2.1/../../../../arm-none-eabi/lib/thumb/v7e-m/libc_nano.a(lib_a-nano-mallocr.o)
                0x000000002000020c                __malloc_sbrk_start
 .bss.heap_end.4102
                0x0000000020000210        0x4 /home/light/.platformio/packages/toolchain-gccarmnoneeabi/bin/../lib/gcc/arm-none-eabi/7.2.1/../../../../arm-none-eabi/lib/thumb/v7e-m/libnosys.a(sbrk.o)
 *(COMMON)
 COMMON         0x0000000020000214       0x68 .pio/build/weact_mini_h750vbtx/src/Core/Src/dma2d.o
                0x0000000020000214                hdma2d
 COMMON         0x000000002000027c       0x74 .pio/build/weact_mini_h750vbtx/src/Core/Src/fmc.o
                0x000000002000027c                hnand1
                0x00000000200002bc                hsdram1
 COMMON         0x00000000200002f0       0x58 .pio/build/weact_mini_h750vbtx/src/Core/Src/jpeg.o
                0x00000000200002f0                hjpeg
 COMMON         0x0000000020000348       0x4c .pio/build/weact_mini_h750vbtx/src/Core/Src/quadspi.o
                0x0000000020000348                hqspi
 COMMON         0x0000000020000394       0x24 .pio/build/weact_mini_h750vbtx/src/Core/Src/rtc.o
                0x0000000020000394                hrtc
 COMMON         0x00000000200003b8       0x88 .pio/build/weact_mini_h750vbtx/src/Core/Src/spi.o
                0x00000000200003b8                hspi2
 COMMON         0x0000000020000440       0x4c .pio/build/weact_mini_h750vbtx/src/Core/Src/tim.o
                0x0000000020000440                htim6